Component: ARM Compiler 5.06 update 5 (build 528) Tool: armlink [4d35e2]

==============================================================================

Section Cross References

    startup_stm32f10x_md.o(RESET) refers to startup_stm32f10x_md.o(STACK) for __initial_sp
    startup_stm32f10x_md.o(RESET) refers to startup_stm32f10x_md.o(.text) for Reset_Handler
    startup_stm32f10x_md.o(RESET) refers to stm32f10x_it.o(i.NMI_Handler) for NMI_Handler
    startup_stm32f10x_md.o(RESET) refers to stm32f10x_it.o(i.HardFault_Handler) for HardFault_Handler
    startup_stm32f10x_md.o(RESET) refers to stm32f10x_it.o(i.MemManage_Handler) for MemManage_Handler
    startup_stm32f10x_md.o(RESET) refers to stm32f10x_it.o(i.BusFault_Handler) for BusFault_Handler
    startup_stm32f10x_md.o(RESET) refers to stm32f10x_it.o(i.UsageFault_Handler) for UsageFault_Handler
    startup_stm32f10x_md.o(RESET) refers to stm32f10x_it.o(i.SVC_Handler) for SVC_Handler
    startup_stm32f10x_md.o(RESET) refers to stm32f10x_it.o(i.DebugMon_Handler) for DebugMon_Handler
    startup_stm32f10x_md.o(RESET) refers to stm32f10x_it.o(i.PendSV_Handler) for PendSV_Handler
    startup_stm32f10x_md.o(RESET) refers to stm32f10x_it.o(i.SysTick_Handler) for SysTick_Handler
    startup_stm32f10x_md.o(.text) refers to system_stm32f10x.o(i.SystemInit) for SystemInit
    startup_stm32f10x_md.o(.text) refers to entry.o(.ARM.Collect$$$$00000000) for __main
    system_stm32f10x.o(i.SetSysClock) refers to system_stm32f10x.o(i.SetSysClockTo72) for SetSysClockTo72
    system_stm32f10x.o(i.SystemCoreClockUpdate) refers to system_stm32f10x.o(.data) for SystemCoreClock
    system_stm32f10x.o(i.SystemInit) refers to system_stm32f10x.o(i.SetSysClock) for SetSysClock
    stm32f10x_adc.o(i.ADC_DeInit) refers to stm32f10x_rcc.o(i.RCC_APB2PeriphResetCmd) for RCC_APB2PeriphResetCmd
    stm32f10x_bkp.o(i.BKP_DeInit) refers to stm32f10x_rcc.o(i.RCC_BackupResetCmd) for RCC_BackupResetCmd
    stm32f10x_can.o(i.CAN_DeInit) refers to stm32f10x_rcc.o(i.RCC_APB1PeriphResetCmd) for RCC_APB1PeriphResetCmd
    stm32f10x_can.o(i.CAN_GetITStatus) refers to stm32f10x_can.o(i.CheckITStatus) for CheckITStatus
    stm32f10x_cec.o(i.CEC_DeInit) refers to stm32f10x_rcc.o(i.RCC_APB1PeriphResetCmd) for RCC_APB1PeriphResetCmd
    stm32f10x_dac.o(i.DAC_DeInit) refers to stm32f10x_rcc.o(i.RCC_APB1PeriphResetCmd) for RCC_APB1PeriphResetCmd
    stm32f10x_flash.o(i.FLASH_EnableWriteProtection) refers to stm32f10x_flash.o(i.FLASH_WaitForLastOperation) for FLASH_WaitForLastOperation
    stm32f10x_flash.o(i.FLASH_EraseAllBank1Pages) refers to stm32f10x_flash.o(i.FLASH_WaitForLastBank1Operation) for FLASH_WaitForLastBank1Operation
    stm32f10x_flash.o(i.FLASH_EraseAllPages) refers to stm32f10x_flash.o(i.FLASH_WaitForLastOperation) for FLASH_WaitForLastOperation
    stm32f10x_flash.o(i.FLASH_EraseOptionBytes) refers to stm32f10x_flash.o(i.FLASH_GetReadOutProtectionStatus) for FLASH_GetReadOutProtectionStatus
    stm32f10x_flash.o(i.FLASH_EraseOptionBytes) refers to stm32f10x_flash.o(i.FLASH_WaitForLastOperation) for FLASH_WaitForLastOperation
    stm32f10x_flash.o(i.FLASH_ErasePage) refers to stm32f10x_flash.o(i.FLASH_WaitForLastOperation) for FLASH_WaitForLastOperation
    stm32f10x_flash.o(i.FLASH_ProgramHalfWord) refers to stm32f10x_flash.o(i.FLASH_WaitForLastOperation) for FLASH_WaitForLastOperation
    stm32f10x_flash.o(i.FLASH_ProgramOptionByteData) refers to stm32f10x_flash.o(i.FLASH_WaitForLastOperation) for FLASH_WaitForLastOperation
    stm32f10x_flash.o(i.FLASH_ProgramWord) refers to stm32f10x_flash.o(i.FLASH_WaitForLastOperation) for FLASH_WaitForLastOperation
    stm32f10x_flash.o(i.FLASH_ReadOutProtection) refers to stm32f10x_flash.o(i.FLASH_WaitForLastOperation) for FLASH_WaitForLastOperation
    stm32f10x_flash.o(i.FLASH_UserOptionByteConfig) refers to stm32f10x_flash.o(i.FLASH_WaitForLastOperation) for FLASH_WaitForLastOperation
    stm32f10x_flash.o(i.FLASH_WaitForLastBank1Operation) refers to stm32f10x_flash.o(i.FLASH_GetBank1Status) for FLASH_GetBank1Status
    stm32f10x_flash.o(i.FLASH_WaitForLastOperation) refers to stm32f10x_flash.o(i.FLASH_GetBank1Status) for FLASH_GetBank1Status
    stm32f10x_gpio.o(i.GPIO_AFIODeInit) refers to stm32f10x_rcc.o(i.RCC_APB2PeriphResetCmd) for RCC_APB2PeriphResetCmd
    stm32f10x_gpio.o(i.GPIO_DeInit) refers to stm32f10x_rcc.o(i.RCC_APB2PeriphResetCmd) for RCC_APB2PeriphResetCmd
    stm32f10x_i2c.o(i.I2C_DeInit) refers to stm32f10x_rcc.o(i.RCC_APB1PeriphResetCmd) for RCC_APB1PeriphResetCmd
    stm32f10x_i2c.o(i.I2C_Init) refers to stm32f10x_rcc.o(i.RCC_GetClocksFreq) for RCC_GetClocksFreq
    stm32f10x_pwr.o(i.PWR_DeInit) refers to stm32f10x_rcc.o(i.RCC_APB1PeriphResetCmd) for RCC_APB1PeriphResetCmd
    stm32f10x_rcc.o(i.RCC_GetClocksFreq) refers to stm32f10x_rcc.o(.data) for APBAHBPrescTable
    stm32f10x_rcc.o(i.RCC_WaitForHSEStartUp) refers to stm32f10x_rcc.o(i.RCC_GetFlagStatus) for RCC_GetFlagStatus
[...]
    myi2c.o(i.MyI2C_Init) refers to stm32f10x_gpio.o(i.GPIO_Init) for GPIO_Init
    myi2c.o(i.MyI2C_Init) refers to stm32f10x_gpio.o(i.GPIO_SetBits) for GPIO_SetBits
    myi2c.o(i.MyI2C_Init) refers to stm32f10x_i2c.o(i.I2C_Init) for I2C_Init
    myi2c.o(i.MyI2C_Init) refers to stm32f10x_i2c.o(i.I2C_Cmd) for I2C_Cmd
    myi2c.o(i.MyI2C_ReceiveAck) refers to stm32f10x_i2c.o(i.I2C_AcknowledgeConfig) for I2C_AcknowledgeConfig
    myi2c.o(i.MyI2C_ReceiveAck) refers to myi2c.o(i.I2C_WaitEvent) for I2C_WaitEvent
    myi2c.o(i.MyI2C_ReceiveAck) refers to stm32f10x_i2c.o(i.I2C_ReceiveData) for I2C_ReceiveData
    myi2c.o(i.MyI2C_ReceiveByte) refers to stm32f10x_i2c.o(i.I2C_AcknowledgeConfig) for I2C_AcknowledgeConfig
    myi2c.o(i.MyI2C_ReceiveByte) refers to myi2c.o(i.I2C_WaitEvent) for I2C_WaitEvent
    myi2c.o(i.MyI2C_ReceiveByte) refers to stm32f10x_i2c.o(i.I2C_ReceiveData) for I2C_ReceiveData
    myi2c.o(i.MyI2C_SendAck) refers to stm32f10x_i2c.o(i.I2C_AcknowledgeConfig) for I2C_AcknowledgeConfig
    myi2c.o(i.MyI2C_SendByte) refers to stm32f10x_i2c.o(i.I2C_SendData) for I2C_SendData
    myi2c.o(i.MyI2C_SendByte) refers to myi2c.o(i.I2C_WaitEvent) for I2C_WaitEvent
    myi2c.o(i.MyI2C_Start) refers to stm32f10x_i2c.o(i.I2C_GenerateSTART) for I2C_GenerateSTART
    myi2c.o(i.MyI2C_Start) refers to myi2c.o(i.I2C_WaitEvent) for I2C_WaitEvent
    myi2c.o(i.MyI2C_Stop) refers to stm32f10x_i2c.o(i.I2C_GenerateSTOP) for I2C_GenerateSTOP
    time_num.o(i.PCA9685_Display_Time) refers to pca9685_h.o(i.PCA9685_H_SetAngle) for PCA9685_H_SetAngle
    time_num.o(i.PCA9685_Display_Time) refers to pca9685_m.o(i.PCA9685_M_SetAngle) for PCA9685_M_SetAngle
    time_num.o(i.PCA9685_Display_Time) refers to delay.o(i.Delay_ms) for Delay_ms
    time_num.o(i.PCA9685_Display_Time) refers to time_num.o(i.PCA9685_Set_Time_Num_H) for PCA9685_Set_Time_Num_H
    time_num.o(i.PCA9685_Display_Time) refers to time_num.o(i.PCA9685_Set_Time_Num_M) for PCA9685_Set_Time_Num_M
    time_num.o(i.PCA9685_Display_Time) refers to time_num.o(.data) for last_digit_H1
    time_num.o(i.PCA9685_Display_Time) refers to time_num.o(.constdata) for seg_map
    time_num.o(i.PCA9685_Set_Time_Num_H) refers to pca9685_h.o(i.PCA9685_H_SetAngle) for PCA9685_H_SetAngle
    time_num.o(i.PCA9685_Set_Time_Num_H) refers to delay.o(i.Delay_ms) for Delay_ms
    time_num.o(i.PCA9685_Set_Time_Num_H) refers to time_num.o(.data) for last_digit_H1
    time_num.o(i.PCA9685_Set_Time_Num_H) refers to time_num.o(.constdata) for seg_map
    time_num.o(i.PCA9685_Set_Time_Num_M) refers to pca9685_m.o(i.PCA9685_M_SetAngle) for PCA9685_M_SetAngle
    time_num.o(i.PCA9685_Set_Time_Num_M) refers to delay.o(i.Delay_ms) for Delay_ms
    time_num.o(i.PCA9685_Set_Time_Num_M) refers to time_num.o(.data) for last_digit_M1
    time_num.o(i.PCA9685_Set_Time_Num_M) refers to time_num.o(.constdata) for seg_map
    time_num.o(i.PCA9685_emoji) refers to pca9685_h.o(i.PCA9685_H_SetAngle) for PCA9685_H_SetAngle
    time_num.o(i.PCA9685_emoji) refers to pca9685_m.o(i.PCA9685_M_SetAngle) for PCA9685_M_SetAngle
    pca9685_h.o(i.PCA9685_H_Init) refers to myi2c.o(i.MyI2C_Init) for MyI2C_Init
    pca9685_h.o(i.PCA9685_H_Init) refers to pca9685_h.o(i.PCA9685_H_WriteReg) for PCA9685_H_WriteReg
    pca9685_h.o(i.PCA9685_H_Init) refers to delay.o(i.Delay_ms) for Delay_ms
    pca9685_h.o(i.PCA9685_H_Init) refers to pca9685_h.o(i.PCA9685_H_SetPWMFreq) for PCA9685_H_SetPWMFreq
    pca9685_h.o(i.PCA9685_H_ReadReg) refers to myi2c.o(i.MyI2C_Start) for MyI2C_Start
    pca9685_h.o(i.PCA9685_H_ReadReg) refers to myi2c.o(i.MyI2C_SendByte) for MyI2C_SendByte
    pca9685_h.o(i.PCA9685_H_ReadReg) refers to myi2c.o(i.MyI2C_ReceiveAck) for MyI2C_ReceiveAck
    pca9685_h.o(i.PCA9685_H_ReadReg) refers to myi2c.o(i.MyI2C_ReceiveByte) for MyI2C_ReceiveByte
    pca9685_h.o(i.PCA9685_H_ReadReg) refers to myi2c.o(i.MyI2C_SendAck) for MyI2C_SendAck
    pca9685_h.o(i.PCA9685_H_ReadReg) refers to myi2c.o(i.MyI2C_Stop) for MyI2C_Stop
    pca9685_h.o(i.PCA9685_H_SetAngle) refers to ffltui.o(.text) for __aeabi_ui2f
    pca9685_h.o(i.PCA9685_H_SetAngle) refers to fdiv.o(.text) for __aeabi_fdiv
    pca9685_h.o(i.PCA9685_H_SetAngle) refers to fmul.o(.text) for __aeabi_fmul
    pca9685_h.o(i.PCA9685_H_SetAngle) refers to ffixui.o(.text) for __aeabi_f2uiz
    pca9685_h.o(i.PCA9685_H_SetAngle) refers to pca9685_h.o(i.PCA9685_H_SetPWM) for PCA9685_H_SetPWM
    pca9685_h.o(i.PCA9685_H_SetPWM) refers to pca9685_h.o(i.PCA9685_H_WriteReg) for PCA9685_H_WriteReg
    pca9685_h.o(i.PCA9685_H_SetPWMFreq) refers to pca9685_h.o(i.PCA9685_H_WriteReg) for PCA9685_H_WriteReg
    pca9685_h.o(i.PCA9685_H_SetPWMFreq) refers to delay.o(i.Delay_ms) for Delay_ms
    pca9685_h.o(i.PCA9685_H_SetPWMFreq) refers to fmul.o(.text) for __aeabi_fmul
    pca9685_h.o(i.PCA9685_H_SetPWMFreq) refers to fdiv.o(.text) for __aeabi_fdiv
    pca9685_h.o(i.PCA9685_H_SetPWMFreq) refers to fadd.o(.text) for __aeabi_fsub
    pca9685_h.o(i.PCA9685_H_SetPWMFreq) refers to ffixui.o(.text) for __aeabi_f2uiz
    pca9685_h.o(i.PCA9685_H_WriteReg) refers to myi2c.o(i.MyI2C_Start) for MyI2C_Start
    pca9685_h.o(i.PCA9685_H_WriteReg) refers to myi2c.o(i.MyI2C_SendByte) for MyI2C_SendByte
    pca9685_h.o(i.PCA9685_H_WriteReg) refers to myi2c.o(i.MyI2C_ReceiveAck) for MyI2C_ReceiveAck
    pca9685_h.o(i.PCA9685_H_WriteReg) refers to myi2c.o(i.MyI2C_Stop) for MyI2C_Stop
    pca9685_m.o(i.PCA9685_M_Init) refers to myi2c.o(i.MyI2C_Init) for MyI2C_Init
    pca9685_m.o(i.PCA9685_M_Init) refers to pca9685_m.o(i.PCA9685_M_WriteReg) for PCA9685_M_WriteReg
    pca9685_m.o(i.PCA9685_M_Init) refers to delay.o(i.Delay_ms) for Delay_ms
    pca9685_m.o(i.PCA9685_M_Init) refers to pca9685_m.o(i.PCA9685_M_SetPWMFreq) for PCA9685_M_SetPWMFreq
    pca9685_m.o(i.PCA9685_M_ReadReg) refers to myi2c.o(i.MyI2C_Start) for MyI2C_Start
    pca9685_m.o(i.PCA9685_M_ReadReg) refers to myi2c.o(i.MyI2C_SendByte) for MyI2C_SendByte
    pca9685_m.o(i.PCA9685_M_ReadReg) refers to myi2c.o(i.MyI2C_ReceiveAck) for MyI2C_ReceiveAck
    pca9685_m.o(i.PCA9685_M_ReadReg) refers to myi2c.o(i.MyI2C_ReceiveByte) for MyI2C_ReceiveByte
    pca9685_m.o(i.PCA9685_M_ReadReg) refers to myi2c.o(i.MyI2C_SendAck) for MyI2C_SendAck
    pca9685_m.o(i.PCA9685_M_ReadReg) refers to myi2c.o(i.MyI2C_Stop) for MyI2C_Stop
    pca9685_m.o(i.PCA9685_M_SetAngle) refers to ffltui.o(.text) for __aeabi_ui2f
    pca9685_m.o(i.PCA9685_M_SetAngle) refers to fdiv.o(.text) for __aeabi_fdiv
    pca9685_m.o(i.PCA9685_M_SetAngle) refers to fmul.o(.text) for __aeabi_fmul
    pca9685_m.o(i.PCA9685_M_SetAngle) refers to ffixui.o(.text) for __aeabi_f2uiz
    pca9685_m.o(i.PCA9685_M_SetAngle) refers to pca9685_m.o(i.PCA9685_M_SetPWM) for PCA9685_M_SetPWM
    pca9685_m.o(i.PCA9685_M_SetPWM) refers to pca9685_m.o(i.PCA9685_M_WriteReg) for PCA9685_M_WriteReg
    pca9685_m.o(i.PCA9685_M_SetPWMFreq) refers to pca9685_m.o(i.PCA9685_M_WriteReg) for PCA9685_M_WriteReg
    pca9685_m.o(i.PCA9685_M_SetPWMFreq) refers to delay.o(i.Delay_ms) for Delay_ms
    pca9685_m.o(i.PCA9685_M_SetPWMFreq) refers to fmul.o(.text) for __aeabi_fmul
    pca9685_m.o(i.PCA9685_M_SetPWMFreq) refers to fdiv.o(.text) for __aeabi_fdiv
    pca9685_m.o(i.PCA9685_M_SetPWMFreq) refers to fadd.o(.text) for __aeabi_fsub
    pca9685_m.o(i.PCA9685_M_SetPWMFreq) refers to ffixui.o(.text) for __aeabi_f2uiz
    pca9685_m.o(i.PCA9685_M_WriteReg) refers to myi2c.o(i.MyI2C_Start) for MyI2C_Start
    pca9685_m.o(i.PCA9685_M_WriteReg) refers to myi2c.o(i.MyI2C_SendByte) for MyI2C_SendByte
    pca9685_m.o(i.PCA9685_M_WriteReg) refers to myi2c.o(i.MyI2C_ReceiveAck) for MyI2C_ReceiveAck
    pca9685_m.o(i.PCA9685_M_WriteReg) refers to myi2c.o(i.MyI2C_Stop) for MyI2C_Stop
    ds1302.o(i.ds1032_DATAINPUT_init) refers to stm32f10x_rcc.o(i.RCC_APB2PeriphClockCmd) for RCC_APB2PeriphClockCmd
    ds1302.o(i.ds1032_DATAINPUT_init) refers to stm32f10x_gpio.o(i.GPIO_Init) for GPIO_Init
    ds1302.o(i.ds1032_DATAOUT_init) refers to stm32f10x_rcc.o(i.RCC_APB2PeriphClockCmd) for RCC_APB2PeriphClockCmd
    ds1302.o(i.ds1032_DATAOUT_init) refers to stm32f10x_gpio.o(i.GPIO_Init) for GPIO_Init
    ds1302.o(i.ds1032_DATAOUT_init) refers to stm32f10x_gpio.o(i.GPIO_ResetBits) for GPIO_ResetBits
    ds1302.o(i.ds1032_init) refers to ds1302.o(i.ds1302_wirte_rig) for ds1302_wirte_rig
    ds1302.o(i.ds1032_read_realTime) refers to ds1302.o(i.ds1032_read_time) for ds1032_read_time
    ds1302.o(i.ds1032_read_realTime) refers to ds1302.o(.data) for read_time
    ds1302.o(i.ds1032_read_time) refers to ds1302.o(i.ds1302_read_rig) for ds1302_read_rig
    ds1302.o(i.ds1032_read_time) refers to ds1302.o(.data) for read_time
    ds1302.o(i.ds1302_gpio_init) refers to stm32f10x_rcc.o(i.RCC_APB2PeriphClockCmd) for RCC_APB2PeriphClockCmd
    ds1302.o(i.ds1302_gpio_init) refers to stm32f10x_gpio.o(i.GPIO_Init) for GPIO_Init
    ds1302.o(i.ds1302_gpio_init) refers to stm32f10x_gpio.o(i.GPIO_ResetBits) for GPIO_ResetBits
    ds1302.o(i.ds1302_read_rig) refers to stm32f10x_gpio.o(i.GPIO_ResetBits) for GPIO_ResetBits
    ds1302.o(i.ds1302_read_rig) refers to delay.o(i.Delay_us) for Delay_us
    ds1302.o(i.ds1302_read_rig) refers to stm32f10x_gpio.o(i.GPIO_SetBits) for GPIO_SetBits
    ds1302.o(i.ds1302_read_rig) refers to ds1302.o(i.ds1302_write_onebyte) for ds1302_write_onebyte
    ds1302.o(i.ds1302_read_rig) refers to ds1302.o(i.ds1032_DATAINPUT_init) for ds1032_DATAINPUT_init
    ds1302.o(i.ds1302_read_rig) refers to stm32f10x_gpio.o(i.GPIO_ReadInputDataBit) for GPIO_ReadInputDataBit
    ds1302.o(i.ds1302_wirte_rig) refers to stm32f10x_gpio.o(i.GPIO_ResetBits) for GPIO_ResetBits
    ds1302.o(i.ds1302_wirte_rig) refers to delay.o(i.Delay_us) for Delay_us
    ds1302.o(i.ds1302_wirte_rig) refers to stm32f10x_gpio.o(i.GPIO_SetBits) for GPIO_SetBits
    ds1302.o(i.ds1302_wirte_rig) refers to ds1302.o(i.ds1302_write_onebyte) for ds1302_write_onebyte
    ds1302.o(i.ds1302_write_onebyte) refers to ds1302.o(i.ds1032_DATAOUT_init) for ds1032_DATAOUT_init
    ds1302.o(i.ds1302_write_onebyte) refers to stm32f10x_gpio.o(i.GPIO_ResetBits) for GPIO_ResetBits
    ds1302.o(i.ds1302_write_onebyte) refers to stm32f10x_gpio.o(i.GPIO_SetBits) for GPIO_SetBits
    ds1302_compensation.o(i.ds1302_ram_read) refers to ds1302.o(i.ds1302_read_rig) for ds1302_read_rig
    ds1302_compensation.o(i.ds1302_ram_write) refers to ds1302.o(i.ds1302_wirte_rig) for ds1302_wirte_rig
    ds1302_compensation.o(i.ds1302_write_time_back) refers to ds1302.o(i.ds1302_wirte_rig) for ds1302_wirte_rig
    ds1302_compensation.o(i.ds1302_write_time_back) refers to ds1302_compensation.o(i.dec_to_bcd) for dec_to_bcd
    ds1302_compensation.o(i.ds1302_write_time_back) refers to ds1302.o(.data) for TimeData
    ds1302_compensation.o(i.time_subtract_seconds) refers to ds1302.o(.data) for TimeData
    main.o(i.main) refers to usart.o(i.My_USART_Init) for My_USART_Init
    main.o(i.main) refers to pca9685_h.o(i.PCA9685_H_Init) for PCA9685_H_Init
    main.o(i.main) refers to pca9685_m.o(i.PCA9685_M_Init) for PCA9685_M_Init
    main.o(i.main) refers to ds1302.o(i.ds1302_gpio_init) for ds1302_gpio_init
    main.o(i.main) refers to ds1302.o(i.ds1032_init) for ds1032_init
    main.o(i.main) refers to ds1302_compensation.o(i.ds1302_compensation_init) for ds1302_compensation_init
    main.o(i.main) refers to ds1302.o(i.ds1032_read_realTime) for ds1032_read_realTime
    main.o(i.main) refers to ds1302_compensation.o(i.ds1302_compensation_tick) for ds1302_compensation_tick
    main.o(i.main) refers to stm32f10x_usart.o(i.USART_GetFlagStatus) for USART_GetFlagStatus
    main.o(i.main) refers to stm32f10x_usart.o(i.USART_ReceiveData) for USART_ReceiveData
    main.o(i.main) refers to time_num.o(i.PCA9685_emoji) for PCA9685_emoji
    main.o(i.main) refers to time_num.o(i.PCA9685_Display_Time) for PCA9685_Display_Time
    main.o(i.main) refers to time_num.o(i.PCA9685_Set_Time_Num_H) for PCA9685_Set_Time_Num_H
    main.o(i.main) refers to time_num.o(i.PCA9685_Set_Time_Num_M) for PCA9685_Set_Time_Num_M
    main.o(i.main) refers to main.o(.data) for Rxdata
    main.o(i.main) refers to ds1302.o(.data) for TimeData
    entry.o(.ARM.Collect$$$$00000000) refers (Special) to entry10a.o(.ARM.Collect$$$$0000000D) for __rt_final_cpp
    entry.o(.ARM.Collect$$$$00000000) refers (Special) to entry11a.o(.ARM.Collect$$$$0000000F) for __rt_final_exit
    entry.o(.ARM.Collect$$$$00000000) refers (Special) to entry7b.o(.ARM.Collect$$$$00000008) for _main_clock
    entry.o(.ARM.Collect$$$$00000000) refers (Special) to entry8b.o(.ARM.Collect$$$$0000000A) for _main_cpp_init
    entry.o(.ARM.Collect$$$$00000000) refers (Special) to entry9a.o(.ARM.Collect$$$$0000000B) for _main_init
    entry.o(.ARM.Collect$$$$00000000) refers (Special) to entry5.o(.ARM.Collect$$$$00000004) for _main_scatterload
    entry.o(.ARM.Collect$$$$00000000) refers (Special) to entry2.o(.ARM.Collect$$$$00000001) for _main_stk
    fadd.o(.text) refers (Special) to iusefp.o(.text) for __I$use$fp
    fadd.o(.text) refers to fepilogue.o(.text) for _float_epilogue
    fmul.o(.text) refers (Special) to iusefp.o(.text) for __I$use$fp
    fdiv.o(.text) refers (Special) to iusefp.o(.text) for __I$use$fp
    fdiv.o(.text) refers to fepilogue.o(.text) for _float_round
    ffltui.o(.text) refers (Special) to iusefp.o(.text) for __I$use$fp
    ffltui.o(.text) refers to fepilogue.o(.text) for _float_epilogue
    ffixui.o(.text) refers (Special) to iusefp.o(.text) for __I$use$fp
    entry2.o(.ARM.Collect$$$$00000001) refers to entry2.o(.ARM.Collect$$$$00002712) for __lit__00000000
    entry2.o(.ARM.Collect$$$$00002712) refers to startup_stm32f10x_md.o(STACK) for __initial_sp
    entry2.o(__vectab_stack_and_reset_area) refers to startup_stm32f10x_md.o(STACK) for __initial_sp
    entry2.o(__vectab_stack_and_reset_area) refers to entry.o(.ARM.Collect$$$$00000000) for __main
    entry5.o(.ARM.Collect$$$$00000004) refers to init.o(.text) for __scatterload
    entry9a.o(.ARM.Collect$$$$0000000B) refers to main.o(i.main) for main
    entry9b.o(.ARM.Collect$$$$0000000C) refers to main.o(i.main) for main
    init.o(.text) refers to entry5.o(.ARM.Collect$$$$00000004) for __main_after_scatterload


==============================================================================

Removing Unused input sections from the image.

    Removing startup_stm32f10x_md.o(HEAP), (512 bytes).
    Removing core_cm3.o(.emb_text), (32 bytes).
    Removing system_stm32f10x.o(i.SystemCoreClockUpdate), (164 bytes).
    Removing system_stm32f10x.o(.data), (20 bytes).
    Removing misc.o(i.NVIC_Init), (112 bytes).
    Removing misc.o(i.NVIC_PriorityGroupConfig), (20 bytes).
    Removing misc.o(i.NVIC_SetVectorTable), (20 bytes).
    Removing misc.o(i.NVIC_SystemLPConfig), (32 bytes).
    Removing misc.o(i.SysTick_CLKSourceConfig), (40 bytes).
    Removing stm32f10x_adc.o(i.ADC_AnalogWatchdogCmd), (20 bytes).
    Removing stm32f10x_adc.o(i.ADC_AnalogWatchdogSingleChannelConfig), (16 bytes).
    Removing stm32f10x_adc.o(i.ADC_AnalogWatchdogThresholdsConfig), (6 bytes).
    Removing stm32f10x_adc.o(i.ADC_AutoInjectedConvCmd), (22 bytes).
    Removing stm32f10x_adc.o(i.ADC_ClearFlag), (6 bytes).
    Removing stm32f10x_adc.o(i.ADC_ClearITPendingBit), (10 bytes).
    Removing stm32f10x_adc.o(i.ADC_Cmd), (22 bytes).
    Removing stm32f10x_adc.o(i.ADC_DMACmd), (22 bytes).
    Removing stm32f10x_adc.o(i.ADC_DeInit), (92 bytes).
    Removing stm32f10x_adc.o(i.ADC_DiscModeChannelCountConfig), (24 bytes).
    Removing stm32f10x_adc.o(i.ADC_DiscModeCmd), (22 bytes).
    Removing stm32f10x_adc.o(i.ADC_ExternalTrigConvCmd), (22 bytes).
    Removing stm32f10x_adc.o(i.ADC_ExternalTrigInjectedConvCmd), (22 bytes).
    Removing stm32f10x_adc.o(i.ADC_ExternalTrigInjectedConvConfig), (16 bytes).
    Removing stm32f10x_adc.o(i.ADC_GetCalibrationStatus), (20 bytes).
    Removing stm32f10x_adc.o(i.ADC_GetConversionValue), (8 bytes).
    Removing stm32f10x_adc.o(i.ADC_GetDualModeConversionValue), (12 bytes).
    Removing stm32f10x_adc.o(i.ADC_GetFlagStatus), (18 bytes).
    Removing stm32f10x_adc.o(i.ADC_GetITStatus), (36 bytes).
    Removing stm32f10x_adc.o(i.ADC_GetInjectedConversionValue), (28 bytes).
    Removing stm32f10x_adc.o(i.ADC_GetResetCalibrationStatus), (20 bytes).
    Removing stm32f10x_adc.o(i.ADC_GetSoftwareStartConvStatus), (20 bytes).
    Removing stm32f10x_adc.o(i.ADC_GetSoftwareStartInjectedConvCmdStatus), (20 bytes).
    Removing stm32f10x_adc.o(i.ADC_ITConfig), (24 bytes).
    Removing stm32f10x_adc.o(i.ADC_Init), (80 bytes).
    Removing stm32f10x_adc.o(i.ADC_InjectedChannelConfig), (130 bytes).
    Removing stm32f10x_adc.o(i.ADC_InjectedDiscModeCmd), (22 bytes).
    Removing stm32f10x_adc.o(i.ADC_InjectedSequencerLengthConfig), (24 bytes).
    Removing stm32f10x_adc.o(i.ADC_RegularChannelConfig), (184 bytes).
    Removing stm32f10x_adc.o(i.ADC_ResetCalibration), (10 bytes).
    Removing stm32f10x_adc.o(i.ADC_SetInjectedOffset), (20 bytes).
    Removing stm32f10x_adc.o(i.ADC_SoftwareStartConvCmd), (22 bytes).
    Removing stm32f10x_adc.o(i.ADC_SoftwareStartInjectedConvCmd), (22 bytes).
    Removing stm32f10x_adc.o(i.ADC_StartCalibration), (10 bytes).
    Removing stm32f10x_adc.o(i.ADC_StructInit), (18 bytes).
    Removing stm32f10x_adc.o(i.ADC_TempSensorVrefintCmd), (36 bytes).
    Removing stm32f10x_bkp.o(i.BKP_ClearFlag), (20 bytes).
    Removing stm32f10x_bkp.o(i.BKP_ClearITPendingBit), (20 bytes).
    Removing stm32f10x_bkp.o(i.BKP_DeInit), (16 bytes).
    Removing stm32f10x_bkp.o(i.BKP_GetFlagStatus), (12 bytes).
    Removing stm32f10x_bkp.o(i.BKP_GetITStatus), (12 bytes).
    Removing stm32f10x_bkp.o(i.BKP_ITConfig), (12 bytes).
    Removing stm32f10x_bkp.o(i.BKP_RTCOutputConfig), (28 bytes).
    Removing stm32f10x_bkp.o(i.BKP_ReadBackupRegister), (28 bytes).
    Removing stm32f10x_bkp.o(i.BKP_SetRTCCalibrationValue), (28 bytes).
    Removing stm32f10x_bkp.o(i.BKP_TamperPinCmd), (12 bytes).
    Removing stm32f10x_bkp.o(i.BKP_TamperPinLevelConfig), (12 bytes).
    Removing stm32f10x_bkp.o(i.BKP_WriteBackupRegister), (28 bytes).
    Removing stm32f10x_can.o(i.CAN_CancelTransmit), (48 bytes).
    Removing stm32f10x_can.o(i.CAN_ClearFlag), (56 bytes).
    Removing stm32f10x_can.o(i.CAN_ClearITPendingBit), (168 bytes).
    Removing stm32f10x_can.o(i.CAN_DBGFreeze), (22 bytes).
    Removing stm32f10x_can.o(i.CAN_DeInit), (56 bytes).
    Removing stm32f10x_can.o(i.CAN_FIFORelease), (22 bytes).
    Removing stm32f10x_can.o(i.CAN_FilterInit), (264 bytes).
    Removing stm32f10x_can.o(i.CAN_GetFlagStatus), (120 bytes).
    Removing stm32f10x_can.o(i.CAN_GetITStatus), (288 bytes).
    Removing stm32f10x_can.o(i.CAN_GetLSBTransmitErrorCounter), (12 bytes).
    Removing stm32f10x_can.o(i.CAN_GetLastErrorCode), (12 bytes).
    Removing stm32f10x_can.o(i.CAN_GetReceiveErrorCounter), (10 bytes).
    Removing stm32f10x_can.o(i.CAN_ITConfig), (18 bytes).
    Removing stm32f10x_can.o(i.CAN_Init), (276 bytes).
    Removing stm32f10x_can.o(i.CAN_MessagePending), (30 bytes).
    Removing stm32f10x_can.o(i.CAN_OperatingModeRequest), (162 bytes).
    Removing stm32f10x_can.o(i.CAN_Receive), (240 bytes).
    Removing stm32f10x_can.o(i.CAN_SlaveStartBank), (52 bytes).
    Removing stm32f10x_can.o(i.CAN_Sleep), (30 bytes).
    Removing stm32f10x_can.o(i.CAN_StructInit), (32 bytes).
    Removing stm32f10x_can.o(i.CAN_TTComModeCmd), (118 bytes).
    Removing stm32f10x_can.o(i.CAN_Transmit), (294 bytes).
    Removing stm32f10x_can.o(i.CAN_TransmitStatus), (160 bytes).
    Removing stm32f10x_can.o(i.CAN_WakeUp), (48 bytes).
    Removing stm32f10x_can.o(i.CheckITStatus), (18 bytes).
    Removing stm32f10x_cec.o(i.CEC_ClearFlag), (36 bytes).
    Removing stm32f10x_cec.o(i.CEC_ClearITPendingBit), (36 bytes).
    Removing stm32f10x_cec.o(i.CEC_Cmd), (32 bytes).
    Removing stm32f10x_cec.o(i.CEC_DeInit), (22 bytes).
    Removing stm32f10x_cec.o(i.CEC_EndOfMessageCmd), (12 bytes).
    Removing stm32f10x_cec.o(i.CEC_GetFlagStatus), (48 bytes).
    Removing stm32f10x_cec.o(i.CEC_GetITStatus), (40 bytes).
    Removing stm32f10x_cec.o(i.CEC_ITConfig), (12 bytes).
    Removing stm32f10x_cec.o(i.CEC_Init), (32 bytes).
    Removing stm32f10x_cec.o(i.CEC_OwnAddressConfig), (12 bytes).
    Removing stm32f10x_cec.o(i.CEC_ReceiveDataByte), (12 bytes).
    Removing stm32f10x_cec.o(i.CEC_SendDataByte), (12 bytes).
    Removing stm32f10x_cec.o(i.CEC_SetPrescaler), (12 bytes).
    Removing stm32f10x_cec.o(i.CEC_StartOfMessage), (12 bytes).
    Removing stm32f10x_crc.o(i.CRC_CalcBlockCRC), (36 bytes).
    Removing stm32f10x_crc.o(i.CRC_CalcCRC), (16 bytes).
    Removing stm32f10x_crc.o(i.CRC_GetCRC), (12 bytes).
    Removing stm32f10x_crc.o(i.CRC_GetIDRegister), (12 bytes).
    Removing stm32f10x_crc.o(i.CRC_ResetDR), (12 bytes).
    Removing stm32f10x_crc.o(i.CRC_SetIDRegister), (12 bytes).
    Removing stm32f10x_dac.o(i.DAC_Cmd), (40 bytes).
    Removing stm32f10x_dac.o(i.DAC_DMACmd), (44 bytes).
    Removing stm32f10x_dac.o(i.DAC_DeInit), (22 bytes).
    Removing stm32f10x_dac.o(i.DAC_DualSoftwareTriggerCmd), (36 bytes).
    Removing stm32f10x_dac.o(i.DAC_GetDataOutputValue), (36 bytes).
    Removing stm32f10x_dac.o(i.DAC_Init), (52 bytes).
    Removing stm32f10x_dac.o(i.DAC_SetChannel1Data), (32 bytes).
    Removing stm32f10x_dac.o(i.DAC_SetChannel2Data), (32 bytes).
    Removing stm32f10x_dac.o(i.DAC_SetDualChannelData), (36 bytes).
    Removing stm32f10x_dac.o(i.DAC_SoftwareTriggerCmd), (44 bytes).
    Removing stm32f10x_dac.o(i.DAC_StructInit), (12 bytes).
    Removing stm32f10x_dac.o(i.DAC_WaveGenerationCmd), (40 bytes).
    Removing stm32f10x_dbgmcu.o(i.DBGMCU_Config), (32 bytes).
    Removing stm32f10x_dbgmcu.o(i.DBGMCU_GetDEVID), (16 bytes).
    Removing stm32f10x_dbgmcu.o(i.DBGMCU_GetREVID), (12 bytes).
    Removing stm32f10x_dma.o(i.DMA_ClearFlag), (28 bytes).
    Removing stm32f10x_dma.o(i.DMA_ClearITPendingBit), (28 bytes).
    Removing stm32f10x_dma.o(i.DMA_Cmd), (24 bytes).
    Removing stm32f10x_dma.o(i.DMA_DeInit), (332 bytes).
    Removing stm32f10x_dma.o(i.DMA_GetCurrDataCounter), (8 bytes).
    Removing stm32f10x_dma.o(i.DMA_GetFlagStatus), (44 bytes).
    Removing stm32f10x_dma.o(i.DMA_GetITStatus), (44 bytes).
    Removing stm32f10x_dma.o(i.DMA_ITConfig), (18 bytes).
    Removing stm32f10x_dma.o(i.DMA_Init), (60 bytes).
    Removing stm32f10x_dma.o(i.DMA_SetCurrDataCounter), (4 bytes).
    Removing stm32f10x_dma.o(i.DMA_StructInit), (26 bytes).
    Removing stm32f10x_exti.o(i.EXTI_ClearFlag), (12 bytes).
    Removing stm32f10x_exti.o(i.EXTI_ClearITPendingBit), (12 bytes).
    Removing stm32f10x_exti.o(i.EXTI_DeInit), (36 bytes).
    Removing stm32f10x_exti.o(i.EXTI_GenerateSWInterrupt), (16 bytes).
    Removing stm32f10x_exti.o(i.EXTI_GetFlagStatus), (24 bytes).
    Removing stm32f10x_exti.o(i.EXTI_GetITStatus), (40 bytes).
    Removing stm32f10x_exti.o(i.EXTI_Init), (148 bytes).
    Removing stm32f10x_exti.o(i.EXTI_StructInit), (16 bytes).
    Removing stm32f10x_flash.o(i.FLASH_ClearFlag), (12 bytes).
    Removing stm32f10x_flash.o(i.FLASH_EnableWriteProtection), (196 bytes).
    Removing stm32f10x_flash.o(i.FLASH_EraseAllBank1Pages), (72 bytes).
    Removing stm32f10x_flash.o(i.FLASH_EraseAllPages), (72 bytes).
    Removing stm32f10x_flash.o(i.FLASH_EraseOptionBytes), (168 bytes).
    Removing stm32f10x_flash.o(i.FLASH_ErasePage), (76 bytes).
    Removing stm32f10x_flash.o(i.FLASH_GetBank1Status), (52 bytes).
    Removing stm32f10x_flash.o(i.FLASH_GetFlagStatus), (48 bytes).
    Removing stm32f10x_flash.o(i.FLASH_GetPrefetchBufferStatus), (24 bytes).
    Removing stm32f10x_flash.o(i.FLASH_GetReadOutProtectionStatus), (24 bytes).
    Removing stm32f10x_flash.o(i.FLASH_GetStatus), (52 bytes).
    Removing stm32f10x_flash.o(i.FLASH_GetUserOptionByte), (12 bytes).
    Removing stm32f10x_flash.o(i.FLASH_GetWriteProtectionOptionByte), (12 bytes).
    Removing stm32f10x_flash.o(i.FLASH_HalfCycleAccessCmd), (28 bytes).
    Removing stm32f10x_flash.o(i.FLASH_ITConfig), (32 bytes).
    Removing stm32f10x_flash.o(i.FLASH_Lock), (20 bytes).
    Removing stm32f10x_flash.o(i.FLASH_LockBank1), (20 bytes).
    Removing stm32f10x_flash.o(i.FLASH_PrefetchBufferCmd), (28 bytes).
    Removing stm32f10x_flash.o(i.FLASH_ProgramHalfWord), (64 bytes).
    Removing stm32f10x_flash.o(i.FLASH_ProgramOptionByteData), (84 bytes).
    Removing stm32f10x_flash.o(i.FLASH_ProgramWord), (108 bytes).
    Removing stm32f10x_flash.o(i.FLASH_ReadOutProtection), (172 bytes).
    Removing stm32f10x_flash.o(i.FLASH_SetLatency), (24 bytes).
    Removing stm32f10x_flash.o(i.FLASH_Unlock), (24 bytes).
    Removing stm32f10x_flash.o(i.FLASH_UnlockBank1), (24 bytes).
    Removing stm32f10x_flash.o(i.FLASH_UserOptionByteConfig), (104 bytes).
    Removing stm32f10x_flash.o(i.FLASH_WaitForLastBank1Operation), (38 bytes).
    Removing stm32f10x_flash.o(i.FLASH_WaitForLastOperation), (38 bytes).
    Removing stm32f10x_fsmc.o(i.FSMC_ClearFlag), (64 bytes).
    Removing stm32f10x_fsmc.o(i.FSMC_ClearITPendingBit), (72 bytes).
    Removing stm32f10x_fsmc.o(i.FSMC_GetECC), (28 bytes).
    Removing stm32f10x_fsmc.o(i.FSMC_GetFlagStatus), (56 bytes).
    Removing stm32f10x_fsmc.o(i.FSMC_GetITStatus), (68 bytes).
    Removing stm32f10x_fsmc.o(i.FSMC_ITConfig), (128 bytes).
    Removing stm32f10x_fsmc.o(i.FSMC_NANDCmd), (92 bytes).
    Removing stm32f10x_fsmc.o(i.FSMC_NANDDeInit), (68 bytes).
    Removing stm32f10x_fsmc.o(i.FSMC_NANDECCCmd), (92 bytes).
    Removing stm32f10x_fsmc.o(i.FSMC_NANDInit), (136 bytes).
    Removing stm32f10x_fsmc.o(i.FSMC_NANDStructInit), (54 bytes).
    Removing stm32f10x_fsmc.o(i.FSMC_NORSRAMCmd), (52 bytes).
    Removing stm32f10x_fsmc.o(i.FSMC_NORSRAMDeInit), (54 bytes).
    Removing stm32f10x_fsmc.o(i.FSMC_NORSRAMInit), (230 bytes).
    Removing stm32f10x_fsmc.o(i.FSMC_NORSRAMStructInit), (114 bytes).
    Removing stm32f10x_fsmc.o(i.FSMC_PCCARDCmd), (48 bytes).
    Removing stm32f10x_fsmc.o(i.FSMC_PCCARDDeInit), (40 bytes).
    Removing stm32f10x_fsmc.o(i.FSMC_PCCARDInit), (132 bytes).
    Removing stm32f10x_fsmc.o(i.FSMC_PCCARDStructInit), (60 bytes).
    Removing stm32f10x_gpio.o(i.GPIO_AFIODeInit), (20 bytes).
    Removing stm32f10x_gpio.o(i.GPIO_DeInit), (200 bytes).
    Removing stm32f10x_gpio.o(i.GPIO_ETH_MediaInterfaceConfig), (12 bytes).
    Removing stm32f10x_gpio.o(i.GPIO_EXTILineConfig), (64 bytes).
    Removing stm32f10x_gpio.o(i.GPIO_EventOutputCmd), (12 bytes).
    Removing stm32f10x_gpio.o(i.GPIO_EventOutputConfig), (32 bytes).
    Removing stm32f10x_gpio.o(i.GPIO_PinLockConfig), (18 bytes).
    Removing stm32f10x_gpio.o(i.GPIO_PinRemapConfig), (144 bytes).
    Removing stm32f10x_gpio.o(i.GPIO_ReadInputData), (8 bytes).
    Removing stm32f10x_gpio.o(i.GPIO_ReadOutputData), (8 bytes).
    Removing stm32f10x_gpio.o(i.GPIO_ReadOutputDataBit), (18 bytes).
    Removing stm32f10x_gpio.o(i.GPIO_StructInit), (16 bytes).
    Removing stm32f10x_gpio.o(i.GPIO_Write), (4 bytes).
    Removing stm32f10x_gpio.o(i.GPIO_WriteBit), (10 bytes).
    Removing stm32f10x_i2c.o(i.I2C_ARPCmd), (24 bytes).
    Removing stm32f10x_i2c.o(i.I2C_CalculatePEC), (24 bytes).
    Removing stm32f10x_i2c.o(i.I2C_ClearFlag), (12 bytes).
    Removing stm32f10x_i2c.o(i.I2C_ClearITPendingBit), (12 bytes).
    Removing stm32f10x_i2c.o(i.I2C_DMACmd), (24 bytes).
    Removing stm32f10x_i2c.o(i.I2C_DMALastTransferCmd), (24 bytes).
    Removing stm32f10x_i2c.o(i.I2C_DeInit), (56 bytes).
    Removing stm32f10x_i2c.o(i.I2C_DualAddressCmd), (24 bytes).
    Removing stm32f10x_i2c.o(i.I2C_FastModeDutyCycleConfig), (28 bytes).
    Removing stm32f10x_i2c.o(i.I2C_GeneralCallCmd), (24 bytes).
    Removing stm32f10x_i2c.o(i.I2C_GetFlagStatus), (58 bytes).
    Removing stm32f10x_i2c.o(i.I2C_GetITStatus), (38 bytes).
    Removing stm32f10x_i2c.o(i.I2C_GetLastEvent), (26 bytes).
    Removing stm32f10x_i2c.o(i.I2C_GetPEC), (8 bytes).
    Removing stm32f10x_i2c.o(i.I2C_ITConfig), (18 bytes).
    Removing stm32f10x_i2c.o(i.I2C_NACKPositionConfig), (28 bytes).
    Removing stm32f10x_i2c.o(i.I2C_OwnAddress2Config), (22 bytes).
    Removing stm32f10x_i2c.o(i.I2C_PECPositionConfig), (28 bytes).
    Removing stm32f10x_i2c.o(i.I2C_ReadRegister), (22 bytes).
    Removing stm32f10x_i2c.o(i.I2C_SMBusAlertConfig), (28 bytes).
    Removing stm32f10x_i2c.o(i.I2C_Send7bitAddress), (18 bytes).
    Removing stm32f10x_i2c.o(i.I2C_SoftwareResetCmd), (22 bytes).
    Removing stm32f10x_i2c.o(i.I2C_StretchClockCmd), (24 bytes).
    Removing stm32f10x_i2c.o(i.I2C_StructInit), (30 bytes).
    Removing stm32f10x_i2c.o(i.I2C_TransmitPEC), (24 bytes).
    Removing stm32f10x_iwdg.o(i.IWDG_Enable), (16 bytes).
    Removing stm32f10x_iwdg.o(i.IWDG_GetFlagStatus), (24 bytes).
    Removing stm32f10x_iwdg.o(i.IWDG_ReloadCounter), (16 bytes).
    Removing stm32f10x_iwdg.o(i.IWDG_SetPrescaler), (12 bytes).
    Removing stm32f10x_iwdg.o(i.IWDG_SetReload), (12 bytes).
    Removing stm32f10x_iwdg.o(i.IWDG_WriteAccessCmd), (12 bytes).
    Removing stm32f10x_pwr.o(i.PWR_BackupAccessCmd), (12 bytes).
    Removing stm32f10x_pwr.o(i.PWR_ClearFlag), (20 bytes).
    Removing stm32f10x_pwr.o(i.PWR_DeInit), (22 bytes).
    Removing stm32f10x_pwr.o(i.PWR_EnterSTANDBYMode), (52 bytes).
    Removing stm32f10x_pwr.o(i.PWR_EnterSTOPMode), (64 bytes).
    Removing stm32f10x_pwr.o(i.PWR_GetFlagStatus), (24 bytes).
    Removing stm32f10x_pwr.o(i.PWR_PVDCmd), (12 bytes).
    Removing stm32f10x_pwr.o(i.PWR_PVDLevelConfig), (24 bytes).
    Removing stm32f10x_pwr.o(i.PWR_WakeUpPinCmd), (12 bytes).
    Removing stm32f10x_rcc.o(i.RCC_ADCCLKConfig), (24 bytes).
    Removing stm32f10x_rcc.o(i.RCC_AHBPeriphClockCmd), (32 bytes).
    Removing stm32f10x_rcc.o(i.RCC_APB1PeriphResetCmd), (32 bytes).
    Removing stm32f10x_rcc.o(i.RCC_APB2PeriphResetCmd), (32 bytes).
    Removing stm32f10x_rcc.o(i.RCC_AdjustHSICalibrationValue), (24 bytes).
    Removing stm32f10x_rcc.o(i.RCC_BackupResetCmd), (12 bytes).
    Removing stm32f10x_rcc.o(i.RCC_ClearFlag), (20 bytes).
    Removing stm32f10x_rcc.o(i.RCC_ClearITPendingBit), (12 bytes).
    Removing stm32f10x_rcc.o(i.RCC_ClockSecuritySystemCmd), (12 bytes).
    Removing stm32f10x_rcc.o(i.RCC_DeInit), (76 bytes).
    Removing stm32f10x_rcc.o(i.RCC_GetFlagStatus), (60 bytes).
    Removing stm32f10x_rcc.o(i.RCC_GetITStatus), (24 bytes).
    Removing stm32f10x_rcc.o(i.RCC_GetSYSCLKSource), (16 bytes).
    Removing stm32f10x_rcc.o(i.RCC_HCLKConfig), (24 bytes).
    Removing stm32f10x_rcc.o(i.RCC_HSEConfig), (76 bytes).
    Removing stm32f10x_rcc.o(i.RCC_HSICmd), (12 bytes).
    Removing stm32f10x_rcc.o(i.RCC_ITConfig), (32 bytes).
    Removing stm32f10x_rcc.o(i.RCC_LSEConfig), (52 bytes).
    Removing stm32f10x_rcc.o(i.RCC_LSICmd), (12 bytes).
    Removing stm32f10x_rcc.o(i.RCC_MCOConfig), (12 bytes).
    Removing stm32f10x_rcc.o(i.RCC_PCLK1Config), (24 bytes).
    Removing stm32f10x_rcc.o(i.RCC_PCLK2Config), (24 bytes).
    Removing stm32f10x_rcc.o(i.RCC_PLLCmd), (12 bytes).
    Removing stm32f10x_rcc.o(i.RCC_PLLConfig), (28 bytes).
    Removing stm32f10x_rcc.o(i.RCC_RTCCLKCmd), (12 bytes).
    Removing stm32f10x_rcc.o(i.RCC_RTCCLKConfig), (16 bytes).
    Removing stm32f10x_rcc.o(i.RCC_SYSCLKConfig), (24 bytes).
    Removing stm32f10x_rcc.o(i.RCC_USBCLKConfig), (12 bytes).
    Removing stm32f10x_rcc.o(i.RCC_WaitForHSEStartUp), (56 bytes).
    Removing stm32f10x_rtc.o(i.RTC_ClearFlag), (16 bytes).
    Removing stm32f10x_rtc.o(i.RTC_ClearITPendingBit), (16 bytes).
    Removing stm32f10x_rtc.o(i.RTC_EnterConfigMode), (20 bytes).
    Removing stm32f10x_rtc.o(i.RTC_ExitConfigMode), (20 bytes).
    Removing stm32f10x_rtc.o(i.RTC_GetCounter), (20 bytes).
    Removing stm32f10x_rtc.o(i.RTC_GetDivider), (24 bytes).
    Removing stm32f10x_rtc.o(i.RTC_GetFlagStatus), (24 bytes).
    Removing stm32f10x_rtc.o(i.RTC_GetITStatus), (36 bytes).
    Removing stm32f10x_rtc.o(i.RTC_ITConfig), (32 bytes).
    Removing stm32f10x_rtc.o(i.RTC_SetAlarm), (28 bytes).
    Removing stm32f10x_rtc.o(i.RTC_SetCounter), (28 bytes).
    Removing stm32f10x_rtc.o(i.RTC_SetPrescaler), (32 bytes).
    Removing stm32f10x_rtc.o(i.RTC_WaitForLastTask), (20 bytes).
    Removing stm32f10x_rtc.o(i.RTC_WaitForSynchro), (36 bytes).
    Removing stm32f10x_sdio.o(i.SDIO_CEATAITCmd), (16 bytes).
    Removing stm32f10x_sdio.o(i.SDIO_ClearFlag), (12 bytes).
    Removing stm32f10x_sdio.o(i.SDIO_ClearITPendingBit), (12 bytes).
    Removing stm32f10x_sdio.o(i.SDIO_ClockCmd), (12 bytes).
    Removing stm32f10x_sdio.o(i.SDIO_CmdStructInit), (14 bytes).
    Removing stm32f10x_sdio.o(i.SDIO_CommandCompletionCmd), (12 bytes).
    Removing stm32f10x_sdio.o(i.SDIO_DMACmd), (12 bytes).
    Removing stm32f10x_sdio.o(i.SDIO_DataConfig), (48 bytes).
    Removing stm32f10x_sdio.o(i.SDIO_DataStructInit), (20 bytes).
    Removing stm32f10x_sdio.o(i.SDIO_DeInit), (36 bytes).
    Removing stm32f10x_sdio.o(i.SDIO_GetCommandResponse), (12 bytes).
    Removing stm32f10x_sdio.o(i.SDIO_GetDataCounter), (12 bytes).
    Removing stm32f10x_sdio.o(i.SDIO_GetFIFOCount), (12 bytes).
    Removing stm32f10x_sdio.o(i.SDIO_GetFlagStatus), (24 bytes).
    Removing stm32f10x_sdio.o(i.SDIO_GetITStatus), (24 bytes).
    Removing stm32f10x_sdio.o(i.SDIO_GetPowerState), (16 bytes).
    Removing stm32f10x_sdio.o(i.SDIO_GetResponse), (24 bytes).
    Removing stm32f10x_sdio.o(i.SDIO_ITConfig), (32 bytes).
    Removing stm32f10x_sdio.o(i.SDIO_Init), (48 bytes).
    Removing stm32f10x_sdio.o(i.SDIO_ReadData), (12 bytes).
    Removing stm32f10x_sdio.o(i.SDIO_SendCEATACmd), (12 bytes).
    Removing stm32f10x_sdio.o(i.SDIO_SendCommand), (44 bytes).
    Removing stm32f10x_sdio.o(i.SDIO_SendSDIOSuspendCmd), (12 bytes).
    Removing stm32f10x_sdio.o(i.SDIO_SetPowerState), (28 bytes).
    Removing stm32f10x_sdio.o(i.SDIO_SetSDIOOperation), (12 bytes).
    Removing stm32f10x_sdio.o(i.SDIO_SetSDIOReadWaitMode), (12 bytes).
    Removing stm32f10x_sdio.o(i.SDIO_StartSDIOReadWait), (12 bytes).
    Removing stm32f10x_sdio.o(i.SDIO_StopSDIOReadWait), (12 bytes).
    Removing stm32f10x_sdio.o(i.SDIO_StructInit), (16 bytes).
    Removing stm32f10x_sdio.o(i.SDIO_WriteData), (12 bytes).
    Removing stm32f10x_spi.o(i.I2S_Cmd), (24 bytes).
    Removing stm32f10x_spi.o(i.I2S_Init), (232 bytes).
    Removing stm32f10x_spi.o(i.I2S_StructInit), (20 bytes).
    Removing stm32f10x_spi.o(i.SPI_BiDirectionalLineConfig), (28 bytes).
    Removing stm32f10x_spi.o(i.SPI_CalculateCRC), (24 bytes).
    Removing stm32f10x_spi.o(i.SPI_Cmd), (24 bytes).
    Removing stm32f10x_spi.o(i.SPI_DataSizeConfig), (18 bytes).
    Removing stm32f10x_spi.o(i.SPI_GetCRC), (16 bytes).
    Removing stm32f10x_spi.o(i.SPI_GetCRCPolynomial), (6 bytes).
    Removing stm32f10x_spi.o(i.SPI_I2S_ClearFlag), (6 bytes).
    Removing stm32f10x_spi.o(i.SPI_I2S_ClearITPendingBit), (20 bytes).
    Removing stm32f10x_spi.o(i.SPI_I2S_DMACmd), (18 bytes).
    Removing stm32f10x_spi.o(i.SPI_I2S_DeInit), (88 bytes).
    Removing stm32f10x_spi.o(i.SPI_I2S_GetFlagStatus), (18 bytes).
    Removing stm32f10x_spi.o(i.SPI_I2S_GetITStatus), (52 bytes).
    Removing stm32f10x_spi.o(i.SPI_I2S_ITConfig), (32 bytes).
    Removing stm32f10x_spi.o(i.SPI_I2S_ReceiveData), (6 bytes).
    Removing stm32f10x_spi.o(i.SPI_I2S_SendData), (4 bytes).
    Removing stm32f10x_spi.o(i.SPI_Init), (60 bytes).
    Removing stm32f10x_spi.o(i.SPI_NSSInternalSoftwareConfig), (30 bytes).
    Removing stm32f10x_spi.o(i.SPI_SSOutputCmd), (24 bytes).
    Removing stm32f10x_spi.o(i.SPI_StructInit), (24 bytes).
    Removing stm32f10x_spi.o(i.SPI_TransmitCRC), (10 bytes).
    Removing stm32f10x_tim.o(i.TI1_Config), (128 bytes).
    Removing stm32f10x_tim.o(i.TI2_Config), (152 bytes).
    Removing stm32f10x_tim.o(i.TI3_Config), (144 bytes).
    Removing stm32f10x_tim.o(i.TI4_Config), (152 bytes).
    Removing stm32f10x_tim.o(i.TIM_ARRPreloadConfig), (24 bytes).
    Removing stm32f10x_tim.o(i.TIM_BDTRConfig), (32 bytes).
    Removing stm32f10x_tim.o(i.TIM_BDTRStructInit), (18 bytes).
    Removing stm32f10x_tim.o(i.TIM_CCPreloadControl), (24 bytes).
    Removing stm32f10x_tim.o(i.TIM_CCxCmd), (30 bytes).
    Removing stm32f10x_tim.o(i.TIM_CCxNCmd), (30 bytes).
    Removing stm32f10x_tim.o(i.TIM_ClearFlag), (6 bytes).
    Removing stm32f10x_tim.o(i.TIM_ClearITPendingBit), (6 bytes).
    Removing stm32f10x_tim.o(i.TIM_ClearOC1Ref), (18 bytes).
    Removing stm32f10x_tim.o(i.TIM_ClearOC2Ref), (24 bytes).
    Removing stm32f10x_tim.o(i.TIM_ClearOC3Ref), (18 bytes).
    Removing stm32f10x_tim.o(i.TIM_ClearOC4Ref), (24 bytes).
    Removing stm32f10x_tim.o(i.TIM_Cmd), (24 bytes).
    Removing stm32f10x_tim.o(i.TIM_CounterModeConfig), (18 bytes).
    Removing stm32f10x_tim.o(i.TIM_CtrlPWMOutputs), (30 bytes).
    Removing stm32f10x_tim.o(i.TIM_DMACmd), (18 bytes).
    Removing stm32f10x_tim.o(i.TIM_DMAConfig), (10 bytes).
    Removing stm32f10x_tim.o(i.TIM_DeInit), (488 bytes).
    Removing stm32f10x_tim.o(i.TIM_ETRClockMode1Config), (54 bytes).
    Removing stm32f10x_tim.o(i.TIM_ETRClockMode2Config), (32 bytes).
    Removing stm32f10x_tim.o(i.TIM_ETRConfig), (28 bytes).
    Removing stm32f10x_tim.o(i.TIM_EncoderInterfaceConfig), (66 bytes).
    Removing stm32f10x_tim.o(i.TIM_ForcedOC1Config), (18 bytes).
    Removing stm32f10x_tim.o(i.TIM_ForcedOC2Config), (26 bytes).
    Removing stm32f10x_tim.o(i.TIM_ForcedOC3Config), (18 bytes).
    Removing stm32f10x_tim.o(i.TIM_ForcedOC4Config), (26 bytes).
    Removing stm32f10x_tim.o(i.TIM_GenerateEvent), (4 bytes).
    Removing stm32f10x_tim.o(i.TIM_GetCapture1), (6 bytes).
    Removing stm32f10x_tim.o(i.TIM_GetCapture2), (6 bytes).
    Removing stm32f10x_tim.o(i.TIM_GetCapture3), (6 bytes).
    Removing stm32f10x_tim.o(i.TIM_GetCapture4), (8 bytes).
    Removing stm32f10x_tim.o(i.TIM_GetCounter), (6 bytes).
    Removing stm32f10x_tim.o(i.TIM_GetFlagStatus), (18 bytes).
    Removing stm32f10x_tim.o(i.TIM_GetITStatus), (34 bytes).
    Removing stm32f10x_tim.o(i.TIM_GetPrescaler), (6 bytes).
    Removing stm32f10x_tim.o(i.TIM_ICInit), (172 bytes).
    Removing stm32f10x_tim.o(i.TIM_ICStructInit), (18 bytes).
    Removing stm32f10x_tim.o(i.TIM_ITConfig), (18 bytes).
    Removing stm32f10x_tim.o(i.TIM_ITRxExternalClockConfig), (24 bytes).
    Removing stm32f10x_tim.o(i.TIM_InternalClockConfig), (12 bytes).
    Removing stm32f10x_tim.o(i.TIM_OC1FastConfig), (18 bytes).
    Removing stm32f10x_tim.o(i.TIM_OC1Init), (152 bytes).
    Removing stm32f10x_tim.o(i.TIM_OC1NPolarityConfig), (18 bytes).
    Removing stm32f10x_tim.o(i.TIM_OC1PolarityConfig), (18 bytes).
    Removing stm32f10x_tim.o(i.TIM_OC1PreloadConfig), (18 bytes).
    Removing stm32f10x_tim.o(i.TIM_OC2FastConfig), (26 bytes).
    Removing stm32f10x_tim.o(i.TIM_OC2Init), (164 bytes).
    Removing stm32f10x_tim.o(i.TIM_OC2NPolarityConfig), (26 bytes).
    Removing stm32f10x_tim.o(i.TIM_OC2PolarityConfig), (26 bytes).
    Removing stm32f10x_tim.o(i.TIM_OC2PreloadConfig), (26 bytes).
    Removing stm32f10x_tim.o(i.TIM_OC3FastConfig), (18 bytes).
    Removing stm32f10x_tim.o(i.TIM_OC3Init), (160 bytes).
    Removing stm32f10x_tim.o(i.TIM_OC3NPolarityConfig), (26 bytes).
    Removing stm32f10x_tim.o(i.TIM_OC3PolarityConfig), (26 bytes).
    Removing stm32f10x_tim.o(i.TIM_OC3PreloadConfig), (18 bytes).
    Removing stm32f10x_tim.o(i.TIM_OC4FastConfig), (26 bytes).
    Removing stm32f10x_tim.o(i.TIM_OC4Init), (124 bytes).
    Removing stm32f10x_tim.o(i.TIM_OC4PolarityConfig), (26 bytes).
    Removing stm32f10x_tim.o(i.TIM_OC4PreloadConfig), (26 bytes).
    Removing stm32f10x_tim.o(i.TIM_OCStructInit), (20 bytes).
    Removing stm32f10x_tim.o(i.TIM_PWMIConfig), (124 bytes).
    Removing stm32f10x_tim.o(i.TIM_PrescalerConfig), (6 bytes).
    Removing stm32f10x_tim.o(i.TIM_SelectCCDMA), (24 bytes).
    Removing stm32f10x_tim.o(i.TIM_SelectCOM), (24 bytes).
    Removing stm32f10x_tim.o(i.TIM_SelectHallSensor), (24 bytes).
    Removing stm32f10x_tim.o(i.TIM_SelectInputTrigger), (18 bytes).
    Removing stm32f10x_tim.o(i.TIM_SelectMasterSlaveMode), (18 bytes).
    Removing stm32f10x_tim.o(i.TIM_SelectOCxM), (82 bytes).
    Removing stm32f10x_tim.o(i.TIM_SelectOnePulseMode), (18 bytes).
    Removing stm32f10x_tim.o(i.TIM_SelectOutputTrigger), (18 bytes).
    Removing stm32f10x_tim.o(i.TIM_SelectSlaveMode), (18 bytes).
    Removing stm32f10x_tim.o(i.TIM_SetAutoreload), (4 bytes).
    Removing stm32f10x_tim.o(i.TIM_SetClockDivision), (18 bytes).
    Removing stm32f10x_tim.o(i.TIM_SetCompare1), (4 bytes).
    Removing stm32f10x_tim.o(i.TIM_SetCompare2), (4 bytes).
    Removing stm32f10x_tim.o(i.TIM_SetCompare3), (4 bytes).
    Removing stm32f10x_tim.o(i.TIM_SetCompare4), (6 bytes).
    Removing stm32f10x_tim.o(i.TIM_SetCounter), (4 bytes).
    Removing stm32f10x_tim.o(i.TIM_SetIC1Prescaler), (18 bytes).
    Removing stm32f10x_tim.o(i.TIM_SetIC2Prescaler), (26 bytes).
    Removing stm32f10x_tim.o(i.TIM_SetIC3Prescaler), (18 bytes).
    Removing stm32f10x_tim.o(i.TIM_SetIC4Prescaler), (26 bytes).
    Removing stm32f10x_tim.o(i.TIM_TIxExternalClockConfig), (62 bytes).
    Removing stm32f10x_tim.o(i.TIM_TimeBaseInit), (164 bytes).
    Removing stm32f10x_tim.o(i.TIM_TimeBaseStructInit), (18 bytes).
    Removing stm32f10x_tim.o(i.TIM_UpdateDisableConfig), (24 bytes).
    Removing stm32f10x_tim.o(i.TIM_UpdateRequestConfig), (24 bytes).
    Removing stm32f10x_usart.o(i.USART_ClearFlag), (18 bytes).
    Removing stm32f10x_usart.o(i.USART_ClearITPendingBit), (30 bytes).
    Removing stm32f10x_usart.o(i.USART_ClockInit), (34 bytes).
    Removing stm32f10x_usart.o(i.USART_ClockStructInit), (12 bytes).
    Removing stm32f10x_usart.o(i.USART_DMACmd), (18 bytes).
    Removing stm32f10x_usart.o(i.USART_DeInit), (156 bytes).
    Removing stm32f10x_usart.o(i.USART_GetITStatus), (84 bytes).
    Removing stm32f10x_usart.o(i.USART_HalfDuplexCmd), (24 bytes).
    Removing stm32f10x_usart.o(i.USART_ITConfig), (74 bytes).
    Removing stm32f10x_usart.o(i.USART_IrDACmd), (24 bytes).
    Removing stm32f10x_usart.o(i.USART_IrDAConfig), (18 bytes).
    Removing stm32f10x_usart.o(i.USART_LINBreakDetectLengthConfig), (18 bytes).
    Removing stm32f10x_usart.o(i.USART_LINCmd), (24 bytes).
    Removing stm32f10x_usart.o(i.USART_OneBitMethodCmd), (24 bytes).
    Removing stm32f10x_usart.o(i.USART_OverSampling8Cmd), (22 bytes).
    Removing stm32f10x_usart.o(i.USART_ReceiverWakeUpCmd), (24 bytes).
    Removing stm32f10x_usart.o(i.USART_SendBreak), (10 bytes).
    Removing stm32f10x_usart.o(i.USART_SendData), (8 bytes).
    Removing stm32f10x_usart.o(i.USART_SetAddress), (18 bytes).
    Removing stm32f10x_usart.o(i.USART_SetGuardTime), (16 bytes).
    Removing stm32f10x_usart.o(i.USART_SetPrescaler), (16 bytes).
    Removing stm32f10x_usart.o(i.USART_SmartCardCmd), (24 bytes).
    Removing stm32f10x_usart.o(i.USART_SmartCardNACKCmd), (24 bytes).
    Removing stm32f10x_usart.o(i.USART_StructInit), (24 bytes).
    Removing stm32f10x_usart.o(i.USART_WakeUpConfig), (18 bytes).
    Removing stm32f10x_wwdg.o(i.WWDG_ClearFlag), (12 bytes).
    Removing stm32f10x_wwdg.o(i.WWDG_DeInit), (22 bytes).
    Removing stm32f10x_wwdg.o(i.WWDG_Enable), (16 bytes).
    Removing stm32f10x_wwdg.o(i.WWDG_EnableIT), (12 bytes).
    Removing stm32f10x_wwdg.o(i.WWDG_GetFlagStatus), (12 bytes).
    Removing stm32f10x_wwdg.o(i.WWDG_SetCounter), (16 bytes).
    Removing stm32f10x_wwdg.o(i.WWDG_SetPrescaler), (24 bytes).
    Removing stm32f10x_wwdg.o(i.WWDG_SetWindowValue), (40 bytes).
    Removing delay.o(i.Delay_s), (24 bytes).
    Removing sys.o(i.NVIC_Configuration), (12 bytes).
    Removing key.o(i.Key_GetNum), (92 bytes).
    Removing key.o(i.Key_Init), (44 bytes).
    Removing oled.o(i.OLED_Clear), (42 bytes).
    Removing oled.o(i.OLED_I2C_Init), (80 bytes).
    Removing oled.o(i.OLED_I2C_SendByte), (92 bytes).
    Removing oled.o(i.OLED_I2C_Start), (52 bytes).
    Removing oled.o(i.OLED_I2C_Stop), (40 bytes).
    Removing oled.o(i.OLED_Init), (174 bytes).
    Removing oled.o(i.OLED_Pow), (20 bytes).
    Removing oled.o(i.OLED_SetCursor), (34 bytes).
    Removing oled.o(i.OLED_ShowBinNum), (62 bytes).
    Removing oled.o(i.OLED_ShowChar), (116 bytes).
    Removing oled.o(i.OLED_ShowHexNum), (84 bytes).
    Removing oled.o(i.OLED_ShowNum), (68 bytes).
    Removing oled.o(i.OLED_ShowSignedNum), (102 bytes).
    Removing oled.o(i.OLED_ShowString), (40 bytes).
    Removing oled.o(i.OLED_WriteCommand), (32 bytes).
    Removing oled.o(i.OLED_WriteData), (32 bytes).
    Removing oled.o(.constdata), (1520 bytes).
    Removing usart.o(i.My_USART_SendArray), (26 bytes).
    Removing usart.o(i.My_USART_SendByte), (32 bytes).
    Removing usart.o(i.My_USART_SendString), (26 bytes).
    Removing myi2c.o(i.MyI2C_ReceiveByte), (36 bytes).
    Removing myi2c.o(i.MyI2C_SendAck), (28 bytes).
    Removing pca9685_h.o(i.PCA9685_H_ReadReg), (62 bytes).
    Removing pca9685_m.o(i.PCA9685_M_ReadReg), (62 bytes).
    Removing ds1302_compensation.o(i.bcd_to_dec), (20 bytes).
    Removing ds1302_compensation.o(i.dec_to_bcd), (26 bytes).
    Removing ds1302_compensation.o(i.ds1302_ram_read), (14 bytes).
    Removing ds1302_compensation.o(i.ds1302_ram_write), (32 bytes).
    Removing ds1302_compensation.o(i.ds1302_write_time_back), (156 bytes).
    Removing ds1302_compensation.o(i.time_subtract_seconds), (120 bytes).

491 unused section(s) (total 22064 bytes) removed from the image.

==============================================================================

Image Symbol Table

    Local Symbols

    Symbol Name                              Value     Ov Type        Size  Object(Section)

    ../clib/microlib/init/entry.s            0x00000000   Number         0  entry5.o ABSOLUTE
    ../clib/microlib/init/entry.s            0x00000000   Number         0  entry7b.o ABSOLUTE
    ../clib/microlib/init/entry.s            0x00000000   Number         0  entry11b.o ABSOLUTE
    ../clib/microlib/init/entry.s            0x00000000   Number         0  entry.o ABSOLUTE
    ../clib/microlib/init/entry.s            0x00000000   Number         0  entry8b.o ABSOLUTE
    ../clib/microlib/init/entry.s            0x00000000   Number         0  entry9a.o ABSOLUTE
    ../clib/microlib/init/entry.s            0x00000000   Number         0  entry10a.o ABSOLUTE
    ../clib/microlib/init/entry.s            0x00000000   Number         0  entry7a.o ABSOLUTE
    ../clib/microlib/init/entry.s            0x00000000   Number         0  entry8a.o ABSOLUTE
    ../clib/microlib/init/entry.s            0x00000000   Number         0  entry2.o ABSOLUTE
    ../clib/microlib/init/entry.s            0x00000000   Number         0  entry10b.o ABSOLUTE
    ../clib/microlib/init/entry.s            0x00000000   Number         0  entry11a.o ABSOLUTE
    ../clib/microlib/init/entry.s            0x00000000   Number         0  entry9b.o ABSOLUTE
    ../clib/microlib/stubs.s                 0x00000000   Number         0  iusefp.o ABSOLUTE
    ../fplib/microlib/fpadd.c                0x00000000   Number         0  fadd.o ABSOLUTE
    ../fplib/microlib/fpdiv.c                0x00000000   Number         0  fdiv.o ABSOLUTE
    ../fplib/microlib/fpepilogue.c           0x00000000   Number         0  fepilogue.o ABSOLUTE
    ../fplib/microlib/fpfix.c                0x00000000   Number         0  ffixui.o ABSOLUTE
    ../fplib/microlib/fpflt.c                0x00000000   Number         0  ffltui.o ABSOLUTE
    ../fplib/microlib/fpmul.c                0x00000000   Number         0  fmul.o ABSOLUTE
    Hardware\Key.c                           0x00000000   Number         0  key.o ABSOLUTE
    Hardware\MyI2C.c                         0x00000000   Number         0  myi2c.o ABSOLUTE
    Hardware\OLED.c                          0x00000000   Number         0  oled.o ABSOLUTE
    Hardware\PCA9685_H.c                     0x00000000   Number         0  pca9685_h.o ABSOLUTE
    Hardware\PCA9685_M.c                     0x00000000   Number         0  pca9685_m.o ABSOLUTE
    Hardware\Time_Num.c                      0x00000000   Number         0  time_num.o ABSOLUTE
    Hardware\USART.c                         0x00000000   Number         0  usart.o ABSOLUTE
    Hardware\ds1302.c                        0x00000000   Number         0  ds1302.o ABSOLUTE
    Hardware\ds1302_compensation.c           0x00000000   Number         0  ds1302_compensation.o ABSOLUTE
    Library\misc.c                           0x00000000   Number         0  misc.o ABSOLUTE
    Library\stm32f10x_adc.c                  0x00000000   Number         0  stm32f10x_adc.o ABSOLUTE
    Library\stm32f10x_bkp.c                  0x00000000   Number         0  stm32f10x_bkp.o ABSOLUTE
    Library\stm32f10x_can.c                  0x00000000   Number         0  stm32f10x_can.o ABSOLUTE
    Library\stm32f10x_cec.c                  0x00000000   Number         0  stm32f10x_cec.o ABSOLUTE
    Library\stm32f10x_crc.c                  0x00000000   Number         0  stm32f10x_crc.o ABSOLUTE
    Library\stm32f10x_dac.c                  0x00000000   Number         0  stm32f10x_dac.o ABSOLUTE
    Library\stm32f10x_dbgmcu.c               0x00000000   Number         0  stm32f10x_dbgmcu.o ABSOLUTE
    Library\stm32f10x_dma.c                  0x00000000   Number         0  stm32f10x_dma.o ABSOLUTE
    Library\stm32f10x_exti.c                 0x00000000   Number         0  stm32f10x_exti.o ABSOLUTE
    Library\stm32f10x_flash.c                0x00000000   Number         0  stm32f10x_flash.o ABSOLUTE
    Library\stm32f10x_fsmc.c                 0x00000000   Number         0  stm32f10x_fsmc.o ABSOLUTE
    Library\stm32f10x_gpio.c                 0x00000000   Number         0  stm32f10x_gpio.o ABSOLUTE
    Library\stm32f10x_i2c.c                  0x00000000   Number         0  stm32f10x_i2c.o ABSOLUTE
    Library\stm32f10x_iwdg.c                 0x00000000   Number         0  stm32f10x_iwdg.o ABSOLUTE
    Library\stm32f10x_pwr.c                  0x00000000   Number         0  stm32f10x_pwr.o ABSOLUTE
    Library\stm32f10x_rcc.c                  0x00000000   Number         0  stm32f10x_rcc.o ABSOLUTE
    Library\stm32f10x_rtc.c                  0x00000000   Number         0  stm32f10x_rtc.o ABSOLUTE
    Library\stm32f10x_sdio.c                 0x00000000   Number         0  stm32f10x_sdio.o ABSOLUTE
    Library\stm32f10x_spi.c                  0x00000000   Number         0  stm32f10x_spi.o ABSOLUTE
    Library\stm32f10x_tim.c                  0x00000000   Number         0  stm32f10x_tim.o ABSOLUTE
    Library\stm32f10x_usart.c                0x00000000   Number         0  stm32f10x_usart.o ABSOLUTE
    Library\stm32f10x_wwdg.c                 0x00000000   Number         0  stm32f10x_wwdg.o ABSOLUTE
    System\Delay.c                           0x00000000   Number         0  delay.o ABSOLUTE
    System\sys.c                             0x00000000   Number         0  sys.o ABSOLUTE
    User\main.c                              0x00000000   Number         0  main.o ABSOLUTE
    User\stm32f10x_it.c                      0x00000000   Number         0  stm32f10x_it.o ABSOLUTE
    dc.s                                     0x00000000   Number         0  dc.o ABSOLUTE
    handlers.s                               0x00000000   Number         0  handlers.o ABSOLUTE
    init.s                                   0x00000000   Number         0  init.o ABSOLUTE
    start\\core_cm3.c                        0x00000000   Number         0  core_cm3.o ABSOLUTE
    start\core_cm3.c                         0x00000000   Number         0  core_cm3.o ABSOLUTE
    start\startup_stm32f10x_md.s             0x00000000   Number         0  startup_stm32f10x_md.o ABSOLUTE
    start\system_stm32f10x.c                 0x00000000   Number         0  system_stm32f10x.o ABSOLUTE
    RESET                                    0x08000000   Section      236  startup_stm32f10x_md.o(RESET)
    .ARM.Collect$$$$00000000                 0x080000ec   Section        0  entry.o(.ARM.Collect$$$$00000000)
    .ARM.Collect$$$$00000001                 0x080000ec   Section        4  entry2.o(.ARM.Collect$$$$00000001)
    .ARM.Collect$$$$00000004                 0x080000f0   Section        4  entry5.o(.ARM.Collect$$$$00000004)
    .ARM.Collect$$$$00000008                 0x080000f4   Section        0  entry7b.o(.ARM.Collect$$$$00000008)
    .ARM.Collect$$$$0000000A                 0x080000f4   Section        0  entry8b.o(.ARM.Collect$$$$0000000A)
    .ARM.Collect$$$$0000000B                 0x080000f4   Section        8  entry9a.o(.ARM.Collect$$$$0000000B)
    .ARM.Collect$$$$0000000D                 0x080000fc   Section        0  entry10a.o(.ARM.Collect$$$$0000000D)
    .ARM.Collect$$$$0000000F                 0x080000fc   Section        0  entry11a.o(.ARM.Collect$$$$0000000F)
    .ARM.Collect$$$$00002712                 0x080000fc   Section        4  entry2.o(.ARM.Collect$$$$00002712)
    __lit__00000000                          0x080000fc   Data           4  entry2.o(.ARM.Collect$$$$00002712)
    .text                                    0x08000100   Section       36  startup_stm32f10x_md.o(.text)
    .text                                    0x08000124   Section        0  fadd.o(.text)
    .text                                    0x080001d4   Section        0  fmul.o(.text)
    .text                                    0x08000238   Section        0  fdiv.o(.text)
    .text                                    0x080002b4   Section        0  ffltui.o(.text)
    .text                                    0x080002be   Section        0  ffixui.o(.text)
    .text                                    0x080002e6   Section        0  iusefp.o(.text)
    .text                                    0x080002e6   Section        0  fepilogue.o(.text)
    .text                                    0x08000354   Section       36  init.o(.text)
    i.BusFault_Handler                       0x08000378   Section        0  stm32f10x_it.o(i.BusFault_Handler)
    i.DebugMon_Handler                       0x0800037c   Section        0  stm32f10x_it.o(i.DebugMon_Handler)
    i.Delay_ms                               0x0800037e   Section        0  delay.o(i.Delay_ms)
    i.Delay_us                               0x08000396   Section        0  delay.o(i.Delay_us)
    i.GPIO_Init                              0x080003c4   Section        0  stm32f10x_gpio.o(i.GPIO_Init)
    i.GPIO_ReadInputDataBit                  0x080004da   Section        0  stm32f10x_gpio.o(i.GPIO_ReadInputDataBit)
    i.GPIO_ResetBits                         0x080004ec   Section        0  stm32f10x_gpio.o(i.GPIO_ResetBits)
    i.GPIO_SetBits                           0x080004f0   Section        0  stm32f10x_gpio.o(i.GPIO_SetBits)
    i.HardFault_Handler                      0x080004f4   Section        0  stm32f10x_it.o(i.HardFault_Handler)
    i.I2C_AcknowledgeConfig                  0x080004f8   Section        0  stm32f10x_i2c.o(i.I2C_AcknowledgeConfig)
    i.I2C_CheckEvent                         0x08000510   Section        0  stm32f10x_i2c.o(i.I2C_CheckEvent)
    i.I2C_Cmd                                0x0800053a   Section        0  stm32f10x_i2c.o(i.I2C_Cmd)
    i.I2C_GenerateSTART                      0x08000552   Section        0  stm32f10x_i2c.o(i.I2C_GenerateSTART)
    i.I2C_GenerateSTOP                       0x0800056a   Section        0  stm32f10x_i2c.o(i.I2C_GenerateSTOP)
    i.I2C_Init                               0x08000584   Section        0  stm32f10x_i2c.o(i.I2C_Init)
    i.I2C_ReceiveData                        0x08000670   Section        0  stm32f10x_i2c.o(i.I2C_ReceiveData)
    i.I2C_SendData                           0x08000678   Section        0  stm32f10x_i2c.o(i.I2C_SendData)
    i.I2C_WaitEvent                          0x0800067c   Section        0  myi2c.o(i.I2C_WaitEvent)
    I2C_WaitEvent                            0x0800067d   Thumb Code    36  myi2c.o(i.I2C_WaitEvent)
    i.MemManage_Handler                      0x080006a0   Section        0  stm32f10x_it.o(i.MemManage_Handler)
    i.MyI2C_Init                             0x080006a4   Section        0  myi2c.o(i.MyI2C_Init)
    i.MyI2C_ReceiveAck                       0x08000724   Section        0  myi2c.o(i.MyI2C_ReceiveAck)
    i.MyI2C_SendByte                         0x08000750   Section        0  myi2c.o(i.MyI2C_SendByte)
    i.MyI2C_Start                            0x08000770   Section        0  myi2c.o(i.MyI2C_Start)
    i.MyI2C_Stop                             0x0800078c   Section        0  myi2c.o(i.MyI2C_Stop)
    i.My_USART_Init                          0x0800079c   Section        0  usart.o(i.My_USART_Init)
    i.NMI_Handler                            0x08000818   Section        0  stm32f10x_it.o(i.NMI_Handler)
    i.PCA9685_Display_Time                   0x0800081c   Section        0  time_num.o(i.PCA9685_Display_Time)
    i.PCA9685_H_Init                         0x08000b5c   Section        0  pca9685_h.o(i.PCA9685_H_Init)
    i.PCA9685_H_SetAngle                     0x08000b98   Section        0  pca9685_h.o(i.PCA9685_H_SetAngle)
    i.PCA9685_H_SetPWM                       0x08000bdc   Section        0  pca9685_h.o(i.PCA9685_H_SetPWM)
    i.PCA9685_H_SetPWMFreq                   0x08000c24   Section        0  pca9685_h.o(i.PCA9685_H_SetPWMFreq)
    i.PCA9685_H_WriteReg                     0x08000c84   Section        0  pca9685_h.o(i.PCA9685_H_WriteReg)
    i.PCA9685_M_Init                         0x08000cb4   Section        0  pca9685_m.o(i.PCA9685_M_Init)
    i.PCA9685_M_SetAngle                     0x08000cf0   Section        0  pca9685_m.o(i.PCA9685_M_SetAngle)
    i.PCA9685_M_SetPWM                       0x08000d34   Section        0  pca9685_m.o(i.PCA9685_M_SetPWM)
    i.PCA9685_M_SetPWMFreq                   0x08000d7c   Section        0  pca9685_m.o(i.PCA9685_M_SetPWMFreq)
    i.PCA9685_M_WriteReg                     0x08000ddc   Section        0  pca9685_m.o(i.PCA9685_M_WriteReg)
    i.PCA9685_Set_Time_Num_H                 0x08000e0c   Section        0  time_num.o(i.PCA9685_Set_Time_Num_H)
    i.PCA9685_Set_Time_Num_M                 0x080013ac   Section        0  time_num.o(i.PCA9685_Set_Time_Num_M)
    i.PCA9685_emoji                          0x0800194c   Section        0  time_num.o(i.PCA9685_emoji)
    i.PendSV_Handler                         0x08001b6c   Section        0  stm32f10x_it.o(i.PendSV_Handler)
    i.RCC_APB1PeriphClockCmd                 0x08001b70   Section        0  stm32f10x_rcc.o(i.RCC_APB1PeriphClockCmd)
    i.RCC_APB2PeriphClockCmd                 0x08001b90   Section        0  stm32f10x_rcc.o(i.RCC_APB2PeriphClockCmd)
    i.RCC_GetClocksFreq                      0x08001bb0   Section        0  stm32f10x_rcc.o(i.RCC_GetClocksFreq)
    i.SVC_Handler                            0x08001c84   Section        0  stm32f10x_it.o(i.SVC_Handler)
    i.SetSysClock                            0x08001c86   Section        0  system_stm32f10x.o(i.SetSysClock)
    SetSysClock                              0x08001c87   Thumb Code     8  system_stm32f10x.o(i.SetSysClock)
    i.SetSysClockTo72                        0x08001c90   Section        0  system_stm32f10x.o(i.SetSysClockTo72)
    SetSysClockTo72                          0x08001c91   Thumb Code   214  system_stm32f10x.o(i.SetSysClockTo72)
    i.SysTick_Handler                        0x08001d70   Section        0  stm32f10x_it.o(i.SysTick_Handler)
    i.SystemInit                             0x08001d74   Section        0  system_stm32f10x.o(i.SystemInit)
    i.USART_Cmd                              0x08001dd4   Section        0  stm32f10x_usart.o(i.USART_Cmd)
    i.USART_GetFlagStatus                    0x08001dec   Section        0  stm32f10x_usart.o(i.USART_GetFlagStatus)
    i.USART_Init                             0x08001e08   Section        0  stm32f10x_usart.o(i.USART_Init)
    i.USART_ReceiveData                      0x08001ee0   Section        0  stm32f10x_usart.o(i.USART_ReceiveData)
    i.UsageFault_Handler                     0x08001eea   Section        0  stm32f10x_it.o(i.UsageFault_Handler)
    i.__scatterload_copy                     0x08001eee   Section       14  handlers.o(i.__scatterload_copy)
    i.__scatterload_null                     0x08001efc   Section        2  handlers.o(i.__scatterload_null)
    i.__scatterload_zeroinit                 0x08001efe   Section       14  handlers.o(i.__scatterload_zeroinit)
    i.ds1032_DATAINPUT_init                  0x08001f0c   Section        0  ds1302.o(i.ds1032_DATAINPUT_init)
    i.ds1032_DATAOUT_init                    0x08001f34   Section        0  ds1302.o(i.ds1032_DATAOUT_init)
    i.ds1032_init                            0x08001f6c   Section        0  ds1302.o(i.ds1032_init)
    i.ds1032_read_realTime                   0x08001f88   Section        0  ds1302.o(i.ds1032_read_realTime)
    i.ds1032_read_time                       0x08002040   Section        0  ds1302.o(i.ds1032_read_time)
    i.ds1302_compensation_init               0x08002090   Section        0  ds1302_compensation.o(i.ds1302_compensation_init)
    i.ds1302_compensation_tick               0x08002092   Section        0  ds1302_compensation.o(i.ds1302_compensation_tick)
    i.ds1302_gpio_init                       0x08002094   Section        0  ds1302.o(i.ds1302_gpio_init)
    i.ds1302_read_rig                        0x080020f0   Section        0  ds1302.o(i.ds1302_read_rig)
    i.ds1302_wirte_rig                       0x080021a0   Section        0  ds1302.o(i.ds1302_wirte_rig)
    i.ds1302_write_onebyte                   0x08002204   Section        0  ds1302.o(i.ds1302_write_onebyte)
    i.main                                   0x0800225c   Section        0  main.o(i.main)
    .constdata                               0x08002490   Section       70  time_num.o(.constdata)
    seg_map                                  0x08002490   Data          70  time_num.o(.constdata)
    .data                                    0x20000000   Section       20  stm32f10x_rcc.o(.data)
    APBAHBPrescTable                         0x20000000   Data          16  stm32f10x_rcc.o(.data)
    ADCPrescTable                            0x20000010   Data           4  stm32f10x_rcc.o(.data)
    .data                                    0x20000014   Section        4  time_num.o(.data)
    last_digit_H1                            0x20000014   Data           1  time_num.o(.data)
    last_digit_H2                            0x20000015   Data           1  time_num.o(.data)
    last_digit_M1                            0x20000016   Data           1  time_num.o(.data)
    last_digit_M2                            0x20000017   Data           1  time_num.o(.data)
    .data                                    0x20000018   Section       15  ds1302.o(.data)
    .data                                    0x20000027   Section        2  main.o(.data)
    STACK                                    0x20000030   Section     1024  startup_stm32f10x_md.o(STACK)

    Global Symbols

    Symbol Name                              Value     Ov Type        Size  Object(Section)

    BuildAttributes$$THM_ISAv4$P$D$K$B$S$PE$A:L22UL41UL21$X:L11$S22US41US21$IEEE1$IW$USESV6$~STKCKD$USESV7$~SHL$OTIME$ROPI$EBA8$MICROLIB$REQ8$PRES8$EABIv2 0x00000000   Number         0  anon$$obj.o ABSOLUTE
    __ARM_use_no_argv                        0x00000000   Number         0  main.o ABSOLUTE
    __cpp_initialize__aeabi_                  - Undefined Weak Reference
    __cxa_finalize                            - Undefined Weak Reference
    __decompress                              - Undefined Weak Reference
    _clock_init                               - Undefined Weak Reference
    _microlib_exit                            - Undefined Weak Reference
    __Vectors_Size                           0x000000ec   Number         0  startup_stm32f10x_md.o ABSOLUTE
    __Vectors                                0x08000000   Data           4  startup_stm32f10x_md.o(RESET)
    __Vectors_End                            0x080000ec   Data           0  startup_stm32f10x_md.o(RESET)
    __main                                   0x080000ed   Thumb Code     0  entry.o(.ARM.Collect$$$$00000000)
    _main_stk                                0x080000ed   Thumb Code     0  entry2.o(.ARM.Collect$$$$00000001)
    _main_scatterload                        0x080000f1   Thumb Code     0  entry5.o(.ARM.Collect$$$$00000004)
    __main_after_scatterload                 0x080000f5   Thumb Code     0  entry5.o(.ARM.Collect$$$$00000004)
    _main_clock                              0x080000f5   Thumb Code     0  entry7b.o(.ARM.Collect$$$$00000008)
    _main_cpp_init                           0x080000f5   Thumb Code     0  entry8b.o(.ARM.Collect$$$$0000000A)
    _main_init                               0x080000f5   Thumb Code     0  entry9a.o(.ARM.Collect$$$$0000000B)
    __rt_final_cpp                           0x080000fd   Thumb Code     0  entry10a.o(.ARM.Collect$$$$0000000D)
    __rt_final_exit                          0x080000fd   Thumb Code     0  entry11a.o(.ARM.Collect$$$$0000000F)
    Reset_Handler                            0x08000101   Thumb Code     8  startup_stm32f10x_md.o(.text)
    ADC1_2_IRQHandler                        0x0800011b   Thumb Code     0  startup_stm32f10x_md.o(.text)
    CAN1_RX1_IRQHandler                      0x0800011b   Thumb Code     0  startup_stm32f10x_md.o(.text)
    CAN1_SCE_IRQHandler                      0x0800011b   Thumb Code     0  startup_stm32f10x_md.o(.text)
    DMA1_Channel1_IRQHandler                 0x0800011b   Thumb Code     0  startup_stm32f10x_md.o(.text)
    DMA1_Channel2_IRQHandler                 0x0800011b   Thumb Code     0  startup_stm32f10x_md.o(.text)
    DMA1_Channel3_IRQHandler                 0x0800011b   Thumb Code     0  startup_stm32f10x_md.o(.text)
    DMA1_Channel4_IRQHandler                 0x0800011b   Thumb Code     0  startup_stm32f10x_md.o(.text)
    DMA1_Channel5_IRQHandler                 0x0800011b   Thumb Code     0  startup_stm32f10x_md.o(.text)
    DMA1_Channel6_IRQHandler                 0x0800011b   Thumb Code     0  startup_stm32f10x_md.o(.text)
    DMA1_Channel7_IRQHandler                 0x0800011b   Thumb Code     0  startup_stm32f10x_md.o(.text)
    EXTI0_IRQHandler                         0x0800011b   Thumb Code     0  startup_stm32f10x_md.o(.text)
    EXTI15_10_IRQHandler                     0x0800011b   Thumb Code     0  startup_stm32f10x_md.o(.text)
    EXTI1_IRQHandler                         0x0800011b   Thumb Code     0  startup_stm32f10x_md.o(.text)
    EXTI2_IRQHandler                         0x0800011b   Thumb Code     0  startup_stm32f10x_md.o(.text)
    EXTI3_IRQHandler                         0x0800011b   Thumb Code     0  startup_stm32f10x_md.o(.text)
    EXTI4_IRQHandler                         0x0800011b   Thumb Code     0  startup_stm32f10x_md.o(.text)
    EXTI9_5_IRQHandler                       0x0800011b   Thumb Code     0  startup_stm32f10x_md.o(.text)
    FLASH_IRQHandler                         0x0800011b   Thumb Code     0  startup_stm32f10x_md.o(.text)
    I2C1_ER_IRQHandler                       0x0800011b   Thumb Code     0  startup_stm32f10x_md.o(.text)
    I2C1_EV_IRQHandler                       0x0800011b   Thumb Code     0  startup_stm32f10x_md.o(.text)
    I2C2_ER_IRQHandler                       0x0800011b   Thumb Code     0  startup_stm32f10x_md.o(.text)
    I2C2_EV_IRQHandler                       0x0800011b   Thumb Code     0  startup_stm32f10x_md.o(.text)
    PVD_IRQHandler                           0x0800011b   Thumb Code     0  startup_stm32f10x_md.o(.text)
    RCC_IRQHandler                           0x0800011b   Thumb Code     0  startup_stm32f10x_md.o(.text)
    RTCAlarm_IRQHandler                      0x0800011b   Thumb Code     0  startup_stm32f10x_md.o(.text)
    RTC_IRQHandler                           0x0800011b   Thumb Code     0  startup_stm32f10x_md.o(.text)
    SPI1_IRQHandler                          0x0800011b   Thumb Code     0  startup_stm32f10x_md.o(.text)
    SPI2_IRQHandler                          0x0800011b   Thumb Code     0  startup_stm32f10x_md.o(.text)
    TAMPER_IRQHandler                        0x0800011b   Thumb Code     0  startup_stm32f10x_md.o(.text)
    TIM1_BRK_IRQHandler                      0x0800011b   Thumb Code     0  startup_stm32f10x_md.o(.text)
    TIM1_CC_IRQHandler                       0x0800011b   Thumb Code     0  startup_stm32f10x_md.o(.text)
    TIM1_TRG_COM_IRQHandler                  0x0800011b   Thumb Code     0  startup_stm32f10x_md.o(.text)
    TIM1_UP_IRQHandler                       0x0800011b   Thumb Code     0  startup_stm32f10x_md.o(.text)
    TIM2_IRQHandler                          0x0800011b   Thumb Code     0  startup_stm32f10x_md.o(.text)
    TIM3_IRQHandler                          0x0800011b   Thumb Code     0  startup_stm32f10x_md.o(.text)
    TIM4_IRQHandler                          0x0800011b   Thumb Code     0  startup_stm32f10x_md.o(.text)
    USART1_IRQHandler                        0x0800011b   Thumb Code     0  startup_stm32f10x_md.o(.text)
    USART2_IRQHandler                        0x0800011b   Thumb Code     0  startup_stm32f10x_md.o(.text)
    USART3_IRQHandler                        0x0800011b   Thumb Code     0  startup_stm32f10x_md.o(.text)
    USBWakeUp_IRQHandler                     0x0800011b   Thumb Code     0  startup_stm32f10x_md.o(.text)
    USB_HP_CAN1_TX_IRQHandler                0x0800011b   Thumb Code     0  startup_stm32f10x_md.o(.text)
    USB_LP_CAN1_RX0_IRQHandler               0x0800011b   Thumb Code     0  startup_stm32f10x_md.o(.text)
    WWDG_IRQHandler                          0x0800011b   Thumb Code     0  startup_stm32f10x_md.o(.text)
    __aeabi_fadd                             0x08000125   Thumb Code   164  fadd.o(.text)
    __aeabi_fsub                             0x080001c9   Thumb Code     6  fadd.o(.text)
    __aeabi_frsub                            0x080001cf   Thumb Code     6  fadd.o(.text)
    __aeabi_fmul                             0x080001d5   Thumb Code   100  fmul.o(.text)
    __aeabi_fdiv                             0x08000239   Thumb Code   124  fdiv.o(.text)
    __aeabi_ui2f                             0x080002b5   Thumb Code    10  ffltui.o(.text)
    __aeabi_f2uiz                            0x080002bf   Thumb Code    40  ffixui.o(.text)
    __I$use$fp                               0x080002e7   Thumb Code     0  iusefp.o(.text)
    _float_round                             0x080002e7   Thumb Code    18  fepilogue.o(.text)
    _float_epilogue                          0x080002f9   Thumb Code    92  fepilogue.o(.text)
    __scatterload                            0x08000355   Thumb Code    28  init.o(.text)
    __scatterload_rt2                        0x08000355   Thumb Code     0  init.o(.text)
    BusFault_Handler                         0x08000379   Thumb Code     4  stm32f10x_it.o(i.BusFault_Handler)
    DebugMon_Handler                         0x0800037d   Thumb Code     2  stm32f10x_it.o(i.DebugMon_Handler)
    Delay_ms                                 0x0800037f   Thumb Code    24  delay.o(i.Delay_ms)
    Delay_us                                 0x08000397   Thumb Code    46  delay.o(i.Delay_us)
    GPIO_Init                                0x080003c5   Thumb Code   278  stm32f10x_gpio.o(i.GPIO_Init)
    GPIO_ReadInputDataBit                    0x080004db   Thumb Code    18  stm32f10x_gpio.o(i.GPIO_ReadInputDataBit)
    GPIO_ResetBits                           0x080004ed   Thumb Code     4  stm32f10x_gpio.o(i.GPIO_ResetBits)
    GPIO_SetBits                             0x080004f1   Thumb Code     4  stm32f10x_gpio.o(i.GPIO_SetBits)
    HardFault_Handler                        0x080004f5   Thumb Code     4  stm32f10x_it.o(i.HardFault_Handler)
    I2C_AcknowledgeConfig                    0x080004f9   Thumb Code    24  stm32f10x_i2c.o(i.I2C_AcknowledgeConfig)
    I2C_CheckEvent                           0x08000511   Thumb Code    42  stm32f10x_i2c.o(i.I2C_CheckEvent)
    I2C_Cmd                                  0x0800053b   Thumb Code    24  stm32f10x_i2c.o(i.I2C_Cmd)
    I2C_GenerateSTART                        0x08000553   Thumb Code    24  stm32f10x_i2c.o(i.I2C_GenerateSTART)
    I2C_GenerateSTOP                         0x0800056b   Thumb Code    24  stm32f10x_i2c.o(i.I2C_GenerateSTOP)
    I2C_Init                                 0x08000585   Thumb Code   222  stm32f10x_i2c.o(i.I2C_Init)
    I2C_ReceiveData                          0x08000671   Thumb Code     8  stm32f10x_i2c.o(i.I2C_ReceiveData)
    I2C_SendData                             0x08000679   Thumb Code     4  stm32f10x_i2c.o(i.I2C_SendData)
    MemManage_Handler                        0x080006a1   Thumb Code     4  stm32f10x_it.o(i.MemManage_Handler)
    MyI2C_Init                               0x080006a5   Thumb Code   116  myi2c.o(i.MyI2C_Init)
    MyI2C_ReceiveAck                         0x08000725   Thumb Code    34  myi2c.o(i.MyI2C_ReceiveAck)
    MyI2C_SendByte                           0x08000751   Thumb Code    22  myi2c.o(i.MyI2C_SendByte)
    MyI2C_Start                              0x08000771   Thumb Code    20  myi2c.o(i.MyI2C_Start)
    MyI2C_Stop                               0x0800078d   Thumb Code    12  myi2c.o(i.MyI2C_Stop)
    My_USART_Init                            0x0800079d   Thumb Code   116  usart.o(i.My_USART_Init)
    NMI_Handler                              0x08000819   Thumb Code     2  stm32f10x_it.o(i.NMI_Handler)
    PCA9685_Display_Time                     0x0800081d   Thumb Code   812  time_num.o(i.PCA9685_Display_Time)
    PCA9685_H_Init                           0x08000b5d   Thumb Code    56  pca9685_h.o(i.PCA9685_H_Init)
    PCA9685_H_SetAngle                       0x08000b99   Thumb Code    60  pca9685_h.o(i.PCA9685_H_SetAngle)
    PCA9685_H_SetPWM                         0x08000bdd   Thumb Code    70  pca9685_h.o(i.PCA9685_H_SetPWM)
    PCA9685_H_SetPWMFreq                     0x08000c25   Thumb Code    92  pca9685_h.o(i.PCA9685_H_SetPWMFreq)
    PCA9685_H_WriteReg                       0x08000c85   Thumb Code    46  pca9685_h.o(i.PCA9685_H_WriteReg)
    PCA9685_M_Init                           0x08000cb5   Thumb Code    56  pca9685_m.o(i.PCA9685_M_Init)
    PCA9685_M_SetAngle                       0x08000cf1   Thumb Code    60  pca9685_m.o(i.PCA9685_M_SetAngle)
    PCA9685_M_SetPWM                         0x08000d35   Thumb Code    70  pca9685_m.o(i.PCA9685_M_SetPWM)
    PCA9685_M_SetPWMFreq                     0x08000d7d   Thumb Code    92  pca9685_m.o(i.PCA9685_M_SetPWMFreq)
    PCA9685_M_WriteReg                       0x08000ddd   Thumb Code    46  pca9685_m.o(i.PCA9685_M_WriteReg)
    PCA9685_Set_Time_Num_H                   0x08000e0d   Thumb Code  1430  time_num.o(i.PCA9685_Set_Time_Num_H)
    PCA9685_Set_Time_Num_M                   0x080013ad   Thumb Code  1430  time_num.o(i.PCA9685_Set_Time_Num_M)
    PCA9685_emoji                            0x0800194d   Thumb Code   544  time_num.o(i.PCA9685_emoji)
    PendSV_Handler                           0x08001b6d   Thumb Code     2  stm32f10x_it.o(i.PendSV_Handler)
    RCC_APB1PeriphClockCmd                   0x08001b71   Thumb Code    26  stm32f10x_rcc.o(i.RCC_APB1PeriphClockCmd)
    RCC_APB2PeriphClockCmd                   0x08001b91   Thumb Code    26  stm32f10x_rcc.o(i.RCC_APB2PeriphClockCmd)
    RCC_GetClocksFreq                        0x08001bb1   Thumb Code   192  stm32f10x_rcc.o(i.RCC_GetClocksFreq)
    SVC_Handler                              0x08001c85   Thumb Code     2  stm32f10x_it.o(i.SVC_Handler)
    SysTick_Handler                          0x08001d71   Thumb Code     2  stm32f10x_it.o(i.SysTick_Handler)
    SystemInit                               0x08001d75   Thumb Code    78  system_stm32f10x.o(i.SystemInit)
    USART_Cmd                                0x08001dd5   Thumb Code    24  stm32f10x_usart.o(i.USART_Cmd)
    USART_GetFlagStatus                      0x08001ded   Thumb Code    26  stm32f10x_usart.o(i.USART_GetFlagStatus)
    USART_Init                               0x08001e09   Thumb Code   210  stm32f10x_usart.o(i.USART_Init)
    USART_ReceiveData                        0x08001ee1   Thumb Code    10  stm32f10x_usart.o(i.USART_ReceiveData)
    UsageFault_Handler                       0x08001eeb   Thumb Code     4  stm32f10x_it.o(i.UsageFault_Handler)
    __scatterload_copy                       0x08001eef   Thumb Code    14  handlers.o(i.__scatterload_copy)
    __scatterload_null                       0x08001efd   Thumb Code     2  handlers.o(i.__scatterload_null)
    __scatterload_zeroinit                   0x08001eff   Thumb Code    14  handlers.o(i.__scatterload_zeroinit)
    ds1032_DATAINPUT_init                    0x08001f0d   Thumb Code    34  ds1302.o(i.ds1032_DATAINPUT_init)
    ds1032_DATAOUT_init                      0x08001f35   Thumb Code    50  ds1302.o(i.ds1032_DATAOUT_init)
    ds1032_init                              0x08001f6d   Thumb Code    28  ds1302.o(i.ds1032_init)
    ds1032_read_realTime                     0x08001f89   Thumb Code   176  ds1302.o(i.ds1032_read_realTime)
    ds1032_read_time                         0x08002041   Thumb Code    74  ds1302.o(i.ds1032_read_time)
    ds1302_compensation_init                 0x08002091   Thumb Code     2  ds1302_compensation.o(i.ds1302_compensation_init)
    ds1302_compensation_tick                 0x08002093   Thumb Code     2  ds1302_compensation.o(i.ds1302_compensation_tick)
    ds1302_gpio_init                         0x08002095   Thumb Code    88  ds1302.o(i.ds1302_gpio_init)
    ds1302_read_rig                          0x080020f1   Thumb Code   170  ds1302.o(i.ds1302_read_rig)
    ds1302_wirte_rig                         0x080021a1   Thumb Code    96  ds1302.o(i.ds1302_wirte_rig)
    ds1302_write_onebyte                     0x08002205   Thumb Code    84  ds1302.o(i.ds1302_write_onebyte)
    main                                     0x0800225d   Thumb Code   548  main.o(i.main)
    Region$$Table$$Base                      0x080024d8   Number         0  anon$$obj.o(Region$$Table)
    Region$$Table$$Limit                     0x080024f8   Number         0  anon$$obj.o(Region$$Table)
    TimeData                                 0x20000018   Data           8  ds1302.o(.data)
    read_time                                0x20000020   Data           7  ds1302.o(.data)
    Rxdata                                   0x20000027   Data           1  main.o(.data)
    LA_Time                                  0x20000028   Data           1  main.o(.data)
    __initial_sp                             0x20000430   Data           0  startup_stm32f10x_md.o(STACK)



==============================================================================

Memory Map of the image

  Image Entry point : 0x08000101

  Load Region LR_1 (Base: 0x08000000, Size: 0x00002524, Max: 0xffffffff, ABSOLUTE)

    Execution Region ER_RO (Exec base: 0x08000000, Load base: 0x08000000, Size: 0x000024f8, Max: 0xffffffff, ABSOLUTE)

    Exec Addr    Load Addr    Size         Type   Attr      Idx    E Section Name        Object

    0x08000000   0x08000000   0x000000ec   Data   RO            3    RESET               startup_stm32f10x_md.o
    0x080000ec   0x080000ec   0x00000000   Code   RO         3806  * .ARM.Collect$$$$00000000  mc_w.l(entry.o)
    0x080000ec   0x080000ec   0x00000004   Code   RO         3819    .ARM.Collect$$$$00000001  mc_w.l(entry2.o)
    0x080000f0   0x080000f0   0x00000004   Code   RO         3822    .ARM.Collect$$$$00000004  mc_w.l(entry5.o)
    0x080000f4   0x080000f4   0x00000000   Code   RO         3824    .ARM.Collect$$$$00000008  mc_w.l(entry7b.o)
    0x080000f4   0x080000f4   0x00000000   Code   RO         3826    .ARM.Collect$$$$0000000A  mc_w.l(entry8b.o)
    0x080000f4   0x080000f4   0x00000008   Code   RO         3827    .ARM.Collect$$$$0000000B  mc_w.l(entry9a.o)
    0x080000fc   0x080000fc   0x00000000   Code   RO         3829    .ARM.Collect$$$$0000000D  mc_w.l(entry10a.o)
    0x080000fc   0x080000fc   0x00000000   Code   RO         3831    .ARM.Collect$$$$0000000F  mc_w.l(entry11a.o)
    0x080000fc   0x080000fc   0x00000004   Code   RO         3820    .ARM.Collect$$$$00002712  mc_w.l(entry2.o)
    0x08000100   0x08000100   0x00000024   Code   RO            4  * .text               startup_stm32f10x_md.o
    0x08000124   0x08000124   0x000000b0   Code   RO         3809    .text               mf_w.l(fadd.o)
    0x080001d4   0x080001d4   0x00000064   Code   RO         3811    .text               mf_w.l(fmul.o)
    0x08000238   0x08000238   0x0000007c   Code   RO         3813    .text               mf_w.l(fdiv.o)
    0x080002b4   0x080002b4   0x0000000a   Code   RO         3815    .text               mf_w.l(ffltui.o)
    0x080002be   0x080002be   0x00000028   Code   RO         3817    .text               mf_w.l(ffixui.o)
    0x080002e6   0x080002e6   0x00000000   Code   RO         3833    .text               mc_w.l(iusefp.o)
    0x080002e6   0x080002e6   0x0000006e   Code   RO         3834    .text               mf_w.l(fepilogue.o)
    0x08000354   0x08000354   0x00000024   Code   RO         3836    .text               mc_w.l(init.o)
    0x08000378   0x08000378   0x00000004   Code   RO         3743    i.BusFault_Handler  stm32f10x_it.o
    0x0800037c   0x0800037c   0x00000002   Code   RO         3744    i.DebugMon_Handler  stm32f10x_it.o
    0x0800037e   0x0800037e   0x00000018   Code   RO         3196    i.Delay_ms          delay.o
    0x08000396   0x08000396   0x0000002e   Code   RO         3198    i.Delay_us          delay.o
    0x080003c4   0x080003c4   0x00000116   Code   RO         1347    i.GPIO_Init         stm32f10x_gpio.o
    0x080004da   0x080004da   0x00000012   Code   RO         1351    i.GPIO_ReadInputDataBit  stm32f10x_gpio.o
    0x080004ec   0x080004ec   0x00000004   Code   RO         1354    i.GPIO_ResetBits    stm32f10x_gpio.o
    0x080004f0   0x080004f0   0x00000004   Code   RO         1355    i.GPIO_SetBits      stm32f10x_gpio.o
    0x080004f4   0x080004f4   0x00000004   Code   RO         3745    i.HardFault_Handler  stm32f10x_it.o
    0x080004f8   0x080004f8   0x00000018   Code   RO         1459    i.I2C_AcknowledgeConfig  stm32f10x_i2c.o
    0x08000510   0x08000510   0x0000002a   Code   RO         1461    i.I2C_CheckEvent    stm32f10x_i2c.o
    0x0800053a   0x0800053a   0x00000018   Code   RO         1464    i.I2C_Cmd           stm32f10x_i2c.o
    0x08000552   0x08000552   0x00000018   Code   RO         1471    i.I2C_GenerateSTART  stm32f10x_i2c.o
    0x0800056a   0x0800056a   0x00000018   Code   RO         1472    i.I2C_GenerateSTOP  stm32f10x_i2c.o
    0x08000582   0x08000582   0x00000002   PAD
    0x08000584   0x08000584   0x000000ec   Code   RO         1478    i.I2C_Init          stm32f10x_i2c.o
    0x08000670   0x08000670   0x00000008   Code   RO         1483    i.I2C_ReceiveData   stm32f10x_i2c.o
    0x08000678   0x08000678   0x00000004   Code   RO         1486    i.I2C_SendData      stm32f10x_i2c.o
    0x0800067c   0x0800067c   0x00000024   Code   RO         3394    i.I2C_WaitEvent     myi2c.o
    0x080006a0   0x080006a0   0x00000004   Code   RO         3746    i.MemManage_Handler  stm32f10x_it.o
    0x080006a4   0x080006a4   0x00000080   Code   RO         3395    i.MyI2C_Init        myi2c.o
    0x08000724   0x08000724   0x0000002c   Code   RO         3396    i.MyI2C_ReceiveAck  myi2c.o
    0x08000750   0x08000750   0x00000020   Code   RO         3399    i.MyI2C_SendByte    myi2c.o
    0x08000770   0x08000770   0x0000001c   Code   RO         3400    i.MyI2C_Start       myi2c.o
    0x0800078c   0x0800078c   0x00000010   Code   RO         3401    i.MyI2C_Stop        myi2c.o
    0x0800079c   0x0800079c   0x0000007c   Code   RO         3364    i.My_USART_Init     usart.o
    0x08000818   0x08000818   0x00000002   Code   RO         3747    i.NMI_Handler       stm32f10x_it.o
    0x0800081a   0x0800081a   0x00000002   PAD
    0x0800081c   0x0800081c   0x00000340   Code   RO         3450    i.PCA9685_Display_Time  time_num.o
    0x08000b5c   0x08000b5c   0x0000003c   Code   RO         3489    i.PCA9685_H_Init    pca9685_h.o
    0x08000b98   0x08000b98   0x00000044   Code   RO         3491    i.PCA9685_H_SetAngle  pca9685_h.o
    0x08000bdc   0x08000bdc   0x00000046   Code   RO         3492    i.PCA9685_H_SetPWM  pca9685_h.o
    0x08000c22   0x08000c22   0x00000002   PAD
    0x08000c24   0x08000c24   0x00000060   Code   RO         3493    i.PCA9685_H_SetPWMFreq  pca9685_h.o
    0x08000c84   0x08000c84   0x0000002e   Code   RO         3494    i.PCA9685_H_WriteReg  pca9685_h.o
    0x08000cb2   0x08000cb2   0x00000002   PAD
    0x08000cb4   0x08000cb4   0x0000003c   Code   RO         3531    i.PCA9685_M_Init    pca9685_m.o
    0x08000cf0   0x08000cf0   0x00000044   Code   RO         3533    i.PCA9685_M_SetAngle  pca9685_m.o
    0x08000d34   0x08000d34   0x00000046   Code   RO         3534    i.PCA9685_M_SetPWM  pca9685_m.o
    0x08000d7a   0x08000d7a   0x00000002   PAD
    0x08000d7c   0x08000d7c   0x00000060   Code   RO         3535    i.PCA9685_M_SetPWMFreq  pca9685_m.o
    0x08000ddc   0x08000ddc   0x0000002e   Code   RO         3536    i.PCA9685_M_WriteReg  pca9685_m.o
    0x08000e0a   0x08000e0a   0x00000002   PAD
    0x08000e0c   0x08000e0c   0x000005a0   Code   RO         3451    i.PCA9685_Set_Time_Num_H  time_num.o
    0x080013ac   0x080013ac   0x000005a0   Code   RO         3452    i.PCA9685_Set_Time_Num_M  time_num.o
    0x0800194c   0x0800194c   0x00000220   Code   RO         3453    i.PCA9685_emoji     time_num.o
    0x08001b6c   0x08001b6c   0x00000002   Code   RO         3748    i.PendSV_Handler    stm32f10x_it.o
    0x08001b6e   0x08001b6e   0x00000002   PAD
    0x08001b70   0x08001b70   0x00000020   Code   RO         1775    i.RCC_APB1PeriphClockCmd  stm32f10x_rcc.o
    0x08001b90   0x08001b90   0x00000020   Code   RO         1777    i.RCC_APB2PeriphClockCmd  stm32f10x_rcc.o
    0x08001bb0   0x08001bb0   0x000000d4   Code   RO         1785    i.RCC_GetClocksFreq  stm32f10x_rcc.o
    0x08001c84   0x08001c84   0x00000002   Code   RO         3749    i.SVC_Handler       stm32f10x_it.o
    0x08001c86   0x08001c86   0x00000008   Code   RO           24    i.SetSysClock       system_stm32f10x.o
    0x08001c8e   0x08001c8e   0x00000002   PAD
    0x08001c90   0x08001c90   0x000000e0   Code   RO           25    i.SetSysClockTo72   system_stm32f10x.o
    0x08001d70   0x08001d70   0x00000002   Code   RO         3750    i.SysTick_Handler   stm32f10x_it.o
    0x08001d72   0x08001d72   0x00000002   PAD
    0x08001d74   0x08001d74   0x00000060   Code   RO           27    i.SystemInit        system_stm32f10x.o
    0x08001dd4   0x08001dd4   0x00000018   Code   RO         2960    i.USART_Cmd         stm32f10x_usart.o
    0x08001dec   0x08001dec   0x0000001a   Code   RO         2963    i.USART_GetFlagStatus  stm32f10x_usart.o
    0x08001e06   0x08001e06   0x00000002   PAD
    0x08001e08   0x08001e08   0x000000d8   Code   RO         2967    i.USART_Init        stm32f10x_usart.o
    0x08001ee0   0x08001ee0   0x0000000a   Code   RO         2974    i.USART_ReceiveData  stm32f10x_usart.o
    0x08001eea   0x08001eea   0x00000004   Code   RO         3751    i.UsageFault_Handler  stm32f10x_it.o
    0x08001eee   0x08001eee   0x0000000e   Code   RO         3840    i.__scatterload_copy  mc_w.l(handlers.o)
    0x08001efc   0x08001efc   0x00000002   Code   RO         3841    i.__scatterload_null  mc_w.l(handlers.o)
    0x08001efe   0x08001efe   0x0000000e   Code   RO         3842    i.__scatterload_zeroinit  mc_w.l(handlers.o)
    0x08001f0c   0x08001f0c   0x00000028   Code   RO         3573    i.ds1032_DATAINPUT_init  ds1302.o
    0x08001f34   0x08001f34   0x00000038   Code   RO         3574    i.ds1032_DATAOUT_init  ds1302.o
    0x08001f6c   0x08001f6c   0x0000001c   Code   RO         3575    i.ds1032_init       ds1302.o
    0x08001f88   0x08001f88   0x000000b8   Code   RO         3576    i.ds1032_read_realTime  ds1302.o
    0x08002040   0x08002040   0x00000050   Code   RO         3577    i.ds1032_read_time  ds1302.o
    0x08002090   0x08002090   0x00000002   Code   RO         3644    i.ds1302_compensation_init  ds1302_compensation.o
    0x08002092   0x08002092   0x00000002   Code   RO         3645    i.ds1302_compensation_tick  ds1302_compensation.o
    0x08002094   0x08002094   0x0000005c   Code   RO         3578    i.ds1302_gpio_init  ds1302.o
    0x080020f0   0x080020f0   0x000000b0   Code   RO         3579    i.ds1302_read_rig   ds1302.o
    0x080021a0   0x080021a0   0x00000064   Code   RO         3580    i.ds1302_wirte_rig  ds1302.o
    0x08002204   0x08002204   0x00000058   Code   RO         3581    i.ds1302_write_onebyte  ds1302.o
    0x0800225c   0x0800225c   0x00000234   Code   RO         3703    i.main              main.o
    0x08002490   0x08002490   0x00000046   Data   RO         3454    .constdata          time_num.o
    0x080024d6   0x080024d6   0x00000002   PAD
    0x080024d8   0x080024d8   0x00000020   Data   RO         3838    Region$$Table       anon$$obj.o


    Execution Region ER_RW (Exec base: 0x20000000, Load base: 0x080024f8, Size: 0x0000002c, Max: 0xffffffff, ABSOLUTE)

    Exec Addr    Load Addr    Size         Type   Attr      Idx    E Section Name        Object

    0x20000000   0x080024f8   0x00000014   Data   RW         1805    .data               stm32f10x_rcc.o
    0x20000014   0x0800250c   0x00000004   Data   RW         3455    .data               time_num.o
    0x20000018   0x08002510   0x0000000f   Data   RW         3582    .data               ds1302.o
    0x20000027   0x0800251f   0x00000002   Data   RW         3704    .data               main.o


    Execution Region ER_ZI (Exec base: 0x2000002c, Load base: 0x08002524, Size: 0x00000404, Max: 0xffffffff, ABSOLUTE)

    Exec Addr    Load Addr    Size         Type   Attr      Idx    E Section Name        Object

    0x2000002c   0x08002524   0x00000004   PAD
    0x20000030        -       0x00000400   Zero   RW            1    STACK               startup_stm32f10x_md.o


==============================================================================

Image component sizes


      Code (inc. data)   RO Data    RW Data    ZI Data      Debug   Object Name

         0          0          0          0          0       4500   core_cm3.o
        70          0          0          0          0        962   delay.o
       844         44          0         15          0       6194   ds1302.o
         4          0          0          0          0       1190   ds1302_compensation.o
       564         24          0          2          0        864   main.o
         0          0          0          0          0     201700   misc.o
       284         44          0          0          0       3476   myi2c.o
       340         16          0          0          0       2969   pca9685_h.o
       340         16          0          0          0       2969   pca9685_m.o
        36          8        236          0       1024        820   startup_stm32f10x_md.o
       304          0          0          0          0      11892   stm32f10x_gpio.o
       386         14          0          0          0      14158   stm32f10x_i2c.o
        26          0          0          0          0       3890   stm32f10x_it.o
       276         32          0         20          0      13070   stm32f10x_rcc.o
       276          6          0          0          0       9947   stm32f10x_usart.o
       328         28          0          0          0      32961   system_stm32f10x.o
      4256        104         70          4          0       5873   time_num.o
       124          8          0          0          0        584   usart.o

    ----------------------------------------------------------------------
      8478        344        340         44       1028     318019   Object Totals
         0          0         32          0          0          0   (incl. Generated)
        20          0          2          3          4          0   (incl. Padding)

    ----------------------------------------------------------------------

      Code (inc. data)   RO Data    RW Data    ZI Data      Debug   Library Member Name

         0          0          0          0          0          0   entry.o
         0          0          0          0          0          0   entry10a.o
         0          0          0          0          0          0   entry11a.o
         8          4          0          0          0          0   entry2.o
         4          0          0          0          0          0   entry5.o
         0          0          0          0          0          0   entry7b.o
         0          0          0          0          0          0   entry8b.o
         8          4          0          0          0          0   entry9a.o
        30          0          0          0          0          0   handlers.o
        36          8          0          0          0         68   init.o
         0          0          0          0          0          0   iusefp.o
       176          0          0          0          0        140   fadd.o
       124          0          0          0          0         88   fdiv.o
       110          0          0          0          0        168   fepilogue.o
        40          0          0          0          0         68   ffixui.o
        10          0          0          0          0         68   ffltui.o
       100          0          0          0          0         76   fmul.o

    ----------------------------------------------------------------------
       646         16          0          0          0        676   Library Totals
         0          0          0          0          0          0   (incl. Padding)

    ----------------------------------------------------------------------

      Code (inc. data)   RO Data    RW Data    ZI Data      Debug   Library Name

        86         16          0          0          0         68   mc_w.l
       560          0          0          0          0        608   mf_w.l

    ----------------------------------------------------------------------
       646         16          0          0          0        676   Library Totals

    ----------------------------------------------------------------------

==============================================================================


      Code (inc. data)   RO Data    RW Data    ZI Data      Debug   

      9124        360        340         44       1028     315363   Grand Totals
      9124        360        340         44       1028     315363   ELF Image Totals
      9124        360        340         44          0          0   ROM Totals

==============================================================================

    Total RO  Size (Code + RO Data)                 9464 (   9.24kB)
    Total RW  Size (RW Data + ZI Data)              1072 (   1.05kB)
    Total ROM Size (Code + RO Data + RW Data)       9508 (   9.29kB)

==============================================================================

